     VMA      LMA     Size Align Out     In      Symbol
       0        0        0     1 _stack_start = ORIGIN ( RAM ) + LENGTH ( RAM )
       0        0        0     1 PROVIDE ( NonMaskableInt = DefaultHandler )
       0        0        0     1 PROVIDE ( MemoryManagement = DefaultHandler )
       0        0        0     1 PROVIDE ( BusFault = DefaultHandler )
       0        0        0     1 PROVIDE ( UsageFault = DefaultHandler )
       0        0        0     1 PROVIDE ( SVCall = DefaultHandler )
       0        0        0     1 PROVIDE ( DebugMonitor = DefaultHandler )
       0        0        0     1 PROVIDE ( PendSV = DefaultHandler )
       0        0        0     1 PROVIDE ( DefaultHandler = DefaultHandler_ )
       0        0        0     1 PROVIDE ( __pre_init = DefaultPreInit )
 8010000  8010000      1a8     4 .vector_table
 8010000  8010000        0     1         __vector_table = .
 8010000  8010000        4     1         LONG ( _stack_start & 0xFFFFFFF8 )
 8010004  8010004        4     4         /home/david/rocketry/flight-controller/fcu-stm32f407/target/thumbv7em-none-eabihf/release/deps/libcortex_m_rt-70ec38db380d6ec4.rlib(cortex_m_rt-70ec38db380d6ec4.cortex_m_rt.9aca2fa558334717-cgu.0.rcgu.o):(.vector_table.reset_vector)
 8010004  8010004        4     1                 __RESET_VECTOR
 8010008  8010008        0     1         __reset_vector = .
 8010008  8010008       38     4         /home/david/rocketry/flight-controller/fcu-stm32f407/target/thumbv7em-none-eabihf/release/deps/libcortex_m_rt-70ec38db380d6ec4.rlib(cortex_m_rt-70ec38db380d6ec4.cortex_m_rt.9aca2fa558334717-cgu.0.rcgu.o):(.vector_table.exceptions)
 8010008  8010008       38     1                 __EXCEPTIONS
 8010040  8010040        0     1         __eexceptions = .
 8010040  8010040      168     4         /home/david/rocketry/flight-controller/fcu-stm32f407/target/thumbv7em-none-eabihf/release/deps/libstm32f4-19d3286cbd019857.rlib(stm32f4-19d3286cbd019857.stm32f4.72ea797bc7419adc-cgu.0.rcgu.o):(.vector_table.interrupts)
 8010040  8010040      168     1                 __INTERRUPTS
 80101a8  80101a8        0     1 PROVIDE ( _stext = ADDR ( .vector_table ) + SIZEOF ( .vector_table ) )
 80101a8  80101a8    2a1b8     8 .text
 80101a8  80101a8        0     1         __stext = .
 80101a8  80101a8       58     4         /home/david/rocketry/flight-controller/fcu-stm32f407/target/thumbv7em-none-eabihf/release/deps/libcortex_m_rt-70ec38db380d6ec4.rlib(cortex_m_rt-70ec38db380d6ec4.cortex_m_rt.9aca2fa558334717-cgu.0.rcgu.o):(.Reset)
 80101a8  80101a8        0     1                 $t.1
 80101a9  80101a9       3e     1                 Reset
 80101e8  80101e8        0     1                 $d.8
 8010200  8010200       10     2         /home/david/rocketry/flight-controller/fcu-stm32f407/target/thumbv7em-none-eabihf/release/deps/fcu_stm32f407-f408ced9525465ad.fcu_stm32f407.ec0a8258d748b641-cgu.00.rcgu.o:(.text._ZN45_$LT$$LP$$RP$$u20$as$u20$core..fmt..Debug$GT$3fmt17h9c01b68e7fe86f4fE)
 8010200  8010200        0     1                 $t.0
 8010201  8010201       10     1                 _$LT$$LP$$RP$$u20$as$u20$core..fmt..Debug$GT$::fmt::h9c01b68e7fe86f4f
 8010210  8010210        2     2         /home/david/rocketry/flight-controller/fcu-stm32f407/target/thumbv7em-none-eabihf/release/deps/fcu_stm32f407-f408ced9525465ad.fcu_stm32f407.ec0a8258d748b641-cgu.00.rcgu.o:(.text._ZN4core3ptr29drop_in_place$LT$$LP$$RP$$GT$17h9623723fb7063ef6E)
 8010210  8010210        0     1                 $t.1
 8010211  8010211        2     1                 core::ptr::drop_in_place$LT$$LP$$RP$$GT$::h9623723fb7063ef6
 8010212  8010212        2     2         /home/david/rocketry/flight-controller/fcu-stm32f407/target/thumbv7em-none-eabihf/release/deps/fcu_stm32f407-f408ced9525465ad.fcu_stm32f407.ec0a8258d748b641-cgu.00.rcgu.o:(.text._ZN4core3ptr46drop_in_place$LT$stm32f4xx_hal..i2c..Error$GT$17hd7d2284ff5e8c9d5E)
 8010212  8010212        0     1                 $t.2
 8010213  8010213        2     1                 core::ptr::drop_in_place$LT$stm32f4xx_hal..i2c..Error$GT$::hd7d2284ff5e8c9d5
 8010214  8010214        2     2         /home/david/rocketry/flight-controller/fcu-stm32f407/target/thumbv7em-none-eabihf/release/deps/fcu_stm32f407-f408ced9525465ad.fcu_stm32f407.ec0a8258d748b641-cgu.00.rcgu.o:(.text._ZN4core3ptr66drop_in_place$LT$fcu_stm32f407..fcu_driver..Stm32F407FcuDriver$GT$17h22707fc6288ca5f4E)
 8010214  8010214        0     1                 $t.3
 8010215  8010215        2     1                 core::ptr::drop_in_place$LT$fcu_stm32f407..fcu_driver..Stm32F407FcuDriver$GT$::h22707fc6288ca5f4
 8010216  8010216        2     2         /home/david/rocketry/flight-controller/fcu-stm32f407/target/thumbv7em-none-eabihf/release/deps/fcu_stm32f407-f408ced9525465ad.fcu_stm32f407.ec0a8258d748b641-cgu.00.rcgu.o:(.text._ZN4core3ptr90drop_in_place$LT$$LP$shared..comms_hal..Packet$C$shared..comms_hal..NetworkAddress$RP$$GT$17h14fd51d66b2623eaE)
 8010216  8010216        0     1                 $t.4
 8010217  8010217        2     1                 core::ptr::drop_in_place$LT$$LP$shared..comms_hal..Packet$C$shared..comms_hal..NetworkAddress$RP$$GT$::h14fd51d66b2623ea
 8010218  8010218       fa     2         /home/david/rocketry/flight-controller/fcu-stm32f407/target/thumbv7em-none-eabihf/release/deps/fcu_stm32f407-f408ced9525465ad.fcu_stm32f407.ec0a8258d748b641-cgu.00.rcgu.o:(.text._ZN4core4iter6traits8iterator8Iterator4fold17h029be6156fc5a617E)
 8010218  8010218        0     1                 $t.5
 8010219  8010219       fa     1                 core::iter::traits::iterator::Iterator::fold::h029be6156fc5a617
 8010312  8010312       1e     2         /home/david/rocketry/flight-controller/fcu-stm32f407/target/thumbv7em-none-eabihf/release/deps/fcu_stm32f407-f408ced9525465ad.fcu_stm32f407.ec0a8258d748b641-cgu.00.rcgu.o:(.text._ZN4core4iter6traits8iterator8Iterator4fold17h12384eda399954bbE)
 8010312  8010312        0     1                 $t.6
 8010313  8010313       1e     1                 core::iter::traits::iterator::Iterator::fold::h12384eda399954bb
 8010330  8010330       1e     2         /home/david/rocketry/flight-controller/fcu-stm32f407/target/thumbv7em-none-eabihf/release/deps/fcu_stm32f407-f408ced9525465ad.fcu_stm32f407.ec0a8258d748b641-cgu.00.rcgu.o:(.text._ZN4core4iter6traits8iterator8Iterator4fold17h7750bf3ec7329c55E)
 8010330  8010330        0     1                 $t.7
 8010331  8010331       1e     1                 core::iter::traits::iterator::Iterator::fold::h7750bf3ec7329c55
 801034e  801034e       1e     2         /home/david/rocketry/flight-controller/fcu-stm32f407/target/thumbv7em-none-eabihf/release/deps/fcu_stm32f407-f408ced9525465ad.fcu_stm32f407.ec0a8258d748b641-cgu.00.rcgu.o:(.text._ZN4core4iter6traits8iterator8Iterator4fold17h7be602eceaf27626E)
 801034e  801034e        0     1                 $t.8
 801034f  801034f       1e     1                 core::iter::traits::iterator::Iterator::fold::h7be602eceaf27626
 801036c  801036c       1e     2         /home/david/rocketry/flight-controller/fcu-stm32f407/target/thumbv7em-none-eabihf/release/deps/fcu_stm32f407-f408ced9525465ad.fcu_stm32f407.ec0a8258d748b641-cgu.00.rcgu.o:(.text._ZN4core4iter6traits8iterator8Iterator4fold17h9711a69735588a49E)
 801036c  801036c        0     1                 $t.9
 801036d  801036d       1e     1                 core::iter::traits::iterator::Iterator::fold::h9711a69735588a49
 801038a  801038a       5a     2         /home/david/rocketry/flight-controller/fcu-stm32f407/target/thumbv7em-none-eabihf/release/deps/fcu_stm32f407-f408ced9525465ad.fcu_stm32f407.ec0a8258d748b641-cgu.00.rcgu.o:(.text._ZN4core4iter6traits8iterator8Iterator4fold17h9b5c84e9e5a87f64E)
 801038a  801038a        0     1                 $t.10
 801038b  801038b       5a     1                 core::iter::traits::iterator::Iterator::fold::h9b5c84e9e5a87f64
 80103e4  80103e4       1e     2         /home/david/rocketry/flight-controller/fcu-stm32f407/target/thumbv7em-none-eabihf/release/deps/fcu_stm32f407-f408ced9525465ad.fcu_stm32f407.ec0a8258d748b641-cgu.00.rcgu.o:(.text._ZN4core4iter6traits8iterator8Iterator4fold17hbad42efbd887a445E)
 80103e4  80103e4        0     1                 $t.11
 80103e5  80103e5       1e     1                 core::iter::traits::iterator::Iterator::fold::hbad42efbd887a445
 8010402  8010402       1e     2         /home/david/rocketry/flight-controller/fcu-stm32f407/target/thumbv7em-none-eabihf/release/deps/fcu_stm32f407-f408ced9525465ad.fcu_stm32f407.ec0a8258d748b641-cgu.00.rcgu.o:(.text._ZN4core4iter6traits8iterator8Iterator4fold17hbe18a01460efaa58E)
 8010402  8010402        0     1                 $t.12
 8010403  8010403       1e     1                 core::iter::traits::iterator::Iterator::fold::hbe18a01460efaa58
 8010420  8010420       da     2         /home/david/rocketry/flight-controller/fcu-stm32f407/target/thumbv7em-none-eabihf/release/deps/fcu_stm32f407-f408ced9525465ad.fcu_stm32f407.ec0a8258d748b641-cgu.00.rcgu.o:(.text.main)
 8010420  8010420        0     1                 $t.13
 8010421  8010421       da     1                 main
 80104fa  80104fa      cce     2         /home/david/rocketry/flight-controller/fcu-stm32f407/target/thumbv7em-none-eabihf/release/deps/fcu_stm32f407-f408ced9525465ad.fcu_stm32f407.ec0a8258d748b641-cgu.00.rcgu.o:(.text._ZN13fcu_stm32f4073app8rtic_ext4main21__rtic_init_resources17h04db3c9a3a5e63deE)
 80104fa  80104fa        0     1                 $t.14
 80104fb  80104fb      cce     1                 fcu_stm32f407::app::rtic_ext::main::__rtic_init_resources::h04db3c9a3a5e63de
 80111c8  80111c8       10     2         /home/david/rocketry/flight-controller/fcu-stm32f407/target/thumbv7em-none-eabihf/release/deps/fcu_stm32f407-f408ced9525465ad.fcu_stm32f407.ec0a8258d748b641-cgu.02.rcgu.o:(.text._ZN45_$LT$$LP$$RP$$u20$as$u20$core..fmt..Debug$GT$3fmt17h9c01b68e7fe86f4fE)
 80111c8  80111c8        0     1                 $t.0
 80111c9  80111c9       10     1                 _$LT$$LP$$RP$$u20$as$u20$core..fmt..Debug$GT$::fmt::h9c01b68e7fe86f4f
 80111d8  80111d8        2     2         /home/david/rocketry/flight-controller/fcu-stm32f407/target/thumbv7em-none-eabihf/release/deps/fcu_stm32f407-f408ced9525465ad.fcu_stm32f407.ec0a8258d748b641-cgu.02.rcgu.o:(.text._ZN4core3ptr29drop_in_place$LT$$LP$$RP$$GT$17h9623723fb7063ef6E)
 80111d8  80111d8        0     1                 $t.1
 80111d9  80111d9        2     1                 core::ptr::drop_in_place$LT$$LP$$RP$$GT$::h9623723fb7063ef6
 80111da  80111da      128     2         /home/david/rocketry/flight-controller/fcu-stm32f407/target/thumbv7em-none-eabihf/release/deps/fcu_stm32f407-f408ced9525465ad.fcu_stm32f407.ec0a8258d748b641-cgu.02.rcgu.o:(.text._ZN13fcu_stm32f4073app4idle17h03cfb9c9643d85d8E)
 80111da  80111da        0     1                 $t.2
 80111db  80111db      128     1                 fcu_stm32f407::app::idle::h03cfb9c9643d85d8
 8011302  8011302       9c     2         /home/david/rocketry/flight-controller/fcu-stm32f407/target/thumbv7em-none-eabihf/release/deps/fcu_stm32f407-f408ced9525465ad.fcu_stm32f407.ec0a8258d748b641-cgu.02.rcgu.o:(.text._ZN13fcu_stm32f4073app41__rtic_internal_heartbeat_blink_led_spawn17h17499342aa41fda5E)
 8011302  8011302        0     1                 $t.3
 8011303  8011303       9c     1                 fcu_stm32f407::app::__rtic_internal_heartbeat_blink_led_spawn::h17499342aa41fda5
 801139e  801139e       9e     2         /home/david/rocketry/flight-controller/fcu-stm32f407/target/thumbv7em-none-eabihf/release/deps/fcu_stm32f407-f408ced9525465ad.fcu_stm32f407.ec0a8258d748b641-cgu.02.rcgu.o:(.text._ZN13fcu_stm32f4073app32__rtic_internal_fcu_update_spawn17hd651d897280f9bc2E)
 801139e  801139e        0     1                 $t.4
 801139f  801139f       9e     1                 fcu_stm32f407::app::__rtic_internal_fcu_update_spawn::hd651d897280f9bc2
 801143c  801143c      36a     2         /home/david/rocketry/flight-controller/fcu-stm32f407/target/thumbv7em-none-eabihf/release/deps/fcu_stm32f407-f408ced9525465ad.fcu_stm32f407.ec0a8258d748b641-cgu.02.rcgu.o:(.text._ZN13fcu_stm32f4073app48__rtic_internal_fcu_update_Monotonic_spawn_after17h93b779b608594ccfE)
 801143c  801143c        0     1                 $t.5
 801143d  801143d      36a     1                 fcu_stm32f407::app::__rtic_internal_fcu_update_Monotonic_spawn_after::h93b779b608594ccf
 80117a6  80117a6      104     2         /home/david/rocketry/flight-controller/fcu-stm32f407/target/thumbv7em-none-eabihf/release/deps/fcu_stm32f407-f408ced9525465ad.fcu_stm32f407.ec0a8258d748b641-cgu.02.rcgu.o:(.text._ZN13fcu_stm32f4073app33__rtic_internal_send_packet_spawn17hd4f5f0ca25445f35E)
 80117a6  80117a6        0     1                 $t.6
 80117a7  80117a7      104     1                 fcu_stm32f407::app::__rtic_internal_send_packet_spawn::hd4f5f0ca25445f35
 80118aa  80118aa       9c     2         /home/david/rocketry/flight-controller/fcu-stm32f407/target/thumbv7em-none-eabihf/release/deps/fcu_stm32f407-f408ced9525465ad.fcu_stm32f407.ec0a8258d748b641-cgu.02.rcgu.o:(.text._ZN13fcu_stm32f4073app35__rtic_internal_ms5611_update_spawn17h8e7e45ccce930f80E)
 80118aa  80118aa        0     1                 $t.7
 80118ab  80118ab       9c     1                 fcu_stm32f407::app::__rtic_internal_ms5611_update_spawn::h8e7e45ccce930f80
 8011946  8011946      36a     2         /home/david/rocketry/flight-controller/fcu-stm32f407/target/thumbv7em-none-eabihf/release/deps/fcu_stm32f407-f408ced9525465ad.fcu_stm32f407.ec0a8258d748b641-cgu.02.rcgu.o:(.text._ZN13fcu_stm32f4073app51__rtic_internal_ms5611_update_Monotonic_spawn_after17he991816168a7d812E)
 8011946  8011946        0     1                 $t.8
 8011947  8011947      36a     1                 fcu_stm32f407::app::__rtic_internal_ms5611_update_Monotonic_spawn_after::he991816168a7d812
 8011cb0  8011cb0       be     2         /home/david/rocketry/flight-controller/fcu-stm32f407/target/thumbv7em-none-eabihf/release/deps/fcu_stm32f407-f408ced9525465ad.fcu_stm32f407.ec0a8258d748b641-cgu.02.rcgu.o:(.text._ZN13fcu_stm32f4073app44__rtic_internal_set_data_logging_state_spawn17ha87e1e81a05cbfa2E)
 8011cb0  8011cb0        0     1                 $t.9
 8011cb1  8011cb1       be     1                 fcu_stm32f407::app::__rtic_internal_set_data_logging_state_spawn::ha87e1e81a05cbfa2
 8011d6e  8011d6e       b4     2         /home/david/rocketry/flight-controller/fcu-stm32f407/target/thumbv7em-none-eabihf/release/deps/fcu_stm32f407-f408ced9525465ad.fcu_stm32f407.ec0a8258d748b641-cgu.02.rcgu.o:(.text._ZN13fcu_stm32f4073app42__rtic_internal_erase_data_log_flash_spawn17h0408fb33271c494bE)
 8011d6e  8011d6e        0     1                 $t.10
 8011d6f  8011d6f       b4     1                 fcu_stm32f407::app::__rtic_internal_erase_data_log_flash_spawn::h0408fb33271c494b
 8011e22  8011e22       d0     2         /home/david/rocketry/flight-controller/fcu-stm32f407/target/thumbv7em-none-eabihf/release/deps/fcu_stm32f407-f408ced9525465ad.fcu_stm32f407.ec0a8258d748b641-cgu.02.rcgu.o:(.text._ZN13fcu_stm32f4073app48__rtic_internal_read_log_page_and_transfer_spawn17h557811d0ce8e4a85E)
 8011e22  8011e22        0     1                 $t.11
 8011e23  8011e23       d0     1                 fcu_stm32f407::app::__rtic_internal_read_log_page_and_transfer_spawn::h557811d0ce8e4a85
 8011ef2  8011ef2      37c     2         /home/david/rocketry/flight-controller/fcu-stm32f407/target/thumbv7em-none-eabihf/release/deps/fcu_stm32f407-f408ced9525465ad.fcu_stm32f407.ec0a8258d748b641-cgu.02.rcgu.o:(.text._ZN13fcu_stm32f4073app64__rtic_internal_read_log_page_and_transfer_Monotonic_spawn_after17h296d8359d0bf8ceaE)
 8011ef2  8011ef2        0     1                 $t.12
 8011ef3  8011ef3      37c     1                 fcu_stm32f407::app::__rtic_internal_read_log_page_and_transfer_Monotonic_spawn_after::h296d8359d0bf8cea
 801226e  801226e       38     2         /home/david/rocketry/flight-controller/fcu-stm32f407/target/thumbv7em-none-eabihf/release/deps/fcu_stm32f407-f408ced9525465ad.fcu_stm32f407.ec0a8258d748b641-cgu.02.rcgu.o:(.text.ETH)
 801226e  801226e        0     1                 $t.13
 801226f  801226f       38     1                 ETH
 80122a6  80122a6       80     2         /home/david/rocketry/flight-controller/fcu-stm32f407/target/thumbv7em-none-eabihf/release/deps/fcu_stm32f407-f408ced9525465ad.fcu_stm32f407.ec0a8258d748b641-cgu.02.rcgu.o:(.text.EXTI9_5)
 80122a6  80122a6        0     1                 $t.14
 80122a7  80122a7       80     1                 EXTI9_5
 8012326  8012326       10     2         /home/david/rocketry/flight-controller/fcu-stm32f407/target/thumbv7em-none-eabihf/release/deps/fcu_stm32f407-f408ced9525465ad.fcu_stm32f407.ec0a8258d748b641-cgu.02.rcgu.o:(.text.EXTI3)
 8012326  8012326        0     1                 $t.15
 8012327  8012327       10     1                 EXTI3
 8012336  8012336       20     2         /home/david/rocketry/flight-controller/fcu-stm32f407/target/thumbv7em-none-eabihf/release/deps/fcu_stm32f407-f408ced9525465ad.fcu_stm32f407.ec0a8258d748b641-cgu.02.rcgu.o:(.text.USART2)
 8012336  8012336        0     1                 $t.16
 8012337  8012337       20     1                 USART2
 8012356  8012356      40c     2         /home/david/rocketry/flight-controller/fcu-stm32f407/target/thumbv7em-none-eabihf/release/deps/fcu_stm32f407-f408ced9525465ad.fcu_stm32f407.ec0a8258d748b641-cgu.02.rcgu.o:(.text.USART6)
 8012356  8012356        0     1                 $t.17
 8012357  8012357      40c     1                 USART6
 8012762  8012762       82     2         /home/david/rocketry/flight-controller/fcu-stm32f407/target/thumbv7em-none-eabihf/release/deps/fcu_stm32f407-f408ced9525465ad.fcu_stm32f407.ec0a8258d748b641-cgu.02.rcgu.o:(.text.CAN2_SCE)
 8012762  8012762        0     1                 $t.18
 8012763  8012763       82     1                 CAN2_SCE
 80127e4  80127e4      16c     4         /home/david/rocketry/flight-controller/fcu-stm32f407/target/thumbv7em-none-eabihf/release/deps/fcu_stm32f407-f408ced9525465ad.fcu_stm32f407.ec0a8258d748b641-cgu.02.rcgu.o:(.text.CAN2_RX1)
 80127e4  80127e4        0     1                 $t.19
 80127e5  80127e5      16c     1                 CAN2_RX1
 8012872  8012872        0     1                 $d.20
 8012876  8012876        0     1                 $t.21
 8012950  8012950       7e     2         /home/david/rocketry/flight-controller/fcu-stm32f407/target/thumbv7em-none-eabihf/release/deps/fcu_stm32f407-f408ced9525465ad.fcu_stm32f407.ec0a8258d748b641-cgu.02.rcgu.o:(.text.CAN2_RX0)
 8012950  8012950        0     1                 $t.22
 8012951  8012951       7e     1                 CAN2_RX0
 80129ce  80129ce       f2     2         /home/david/rocketry/flight-controller/fcu-stm32f407/target/thumbv7em-none-eabihf/release/deps/fcu_stm32f407-f408ced9525465ad.fcu_stm32f407.ec0a8258d748b641-cgu.02.rcgu.o:(.text.CAN2_TX)
 80129ce  80129ce        0     1                 $t.23
 80129cf  80129cf       f2     1                 CAN2_TX
 8012ac0  8012ac0      36e     4         /home/david/rocketry/flight-controller/fcu-stm32f407/target/thumbv7em-none-eabihf/release/deps/fcu_stm32f407-f408ced9525465ad.fcu_stm32f407.ec0a8258d748b641-cgu.02.rcgu.o:(.text.SysTick)
 8012ac0  8012ac0        0     1                 $t.24
 8012ac1  8012ac1      36e     1                 SysTick
 8012bc4  8012bc4        0     1                 $d.25
 8012bd6  8012bd6        0     1                 $t.26
 8012e2e  8012e2e       e8     2         /home/david/rocketry/flight-controller/fcu-stm32f407/target/thumbv7em-none-eabihf/release/deps/fcu_stm32f407-f408ced9525465ad.fcu_stm32f407.ec0a8258d748b641-cgu.03.rcgu.o:(.text._ZN13stm32f4xx_hal3i2c21I2c$LT$I2C$C$PINS$GT$11write_bytes17h192adf05ab56527dE)
 8012e2e  8012e2e        0     1                 $t.0
 8012e2f  8012e2f       e8     1                 stm32f4xx_hal::i2c::I2c$LT$I2C$C$PINS$GT$::write_bytes::h192adf05ab56527d
 8012f16  8012f16      1cc     2         /home/david/rocketry/flight-controller/fcu-stm32f407/target/thumbv7em-none-eabihf/release/deps/fcu_stm32f407-f408ced9525465ad.fcu_stm32f407.ec0a8258d748b641-cgu.03.rcgu.o:(.text._ZN13stm32f4xx_hal3i2c21I2c$LT$I2C$C$PINS$GT$4read17h4b21f738d8347a2bE.llvm.15748120856119303958)
 8012f16  8012f16        0     1                 $t.1
 8012f17  8012f17      1cc     1                 stm32f4xx_hal::i2c::I2c$LT$I2C$C$PINS$GT$::read::h4b21f738d8347a2b (.llvm.15748120856119303958)
 80130e2  80130e2      140     2         /home/david/rocketry/flight-controller/fcu-stm32f407/target/thumbv7em-none-eabihf/release/deps/fcu_stm32f407-f408ced9525465ad.fcu_stm32f407.ec0a8258d748b641-cgu.03.rcgu.o:(.text._ZN13stm32f4xx_hal3i2c34I2c$LT$I2C$C$$LP$SCL$C$SDA$RP$$GT$3new17h13bec7db79d49714E)
 80130e2  80130e2        0     1                 $t.2
 80130e3  80130e3      140     1                 stm32f4xx_hal::i2c::I2c$LT$I2C$C$$LP$SCL$C$SDA$RP$$GT$::new::h13bec7db79d49714
 8013222  8013222      14a     2         /home/david/rocketry/flight-controller/fcu-stm32f407/target/thumbv7em-none-eabihf/release/deps/fcu_stm32f407-f408ced9525465ad.fcu_stm32f407.ec0a8258d748b641-cgu.03.rcgu.o:(.text._ZN13stm32f4xx_hal3i2c5hal_18blocking104_$LT$impl$u20$embedded_hal..i2c..blocking..I2c$u20$for$u20$stm32f4xx_hal..i2c..I2c$LT$I2C$C$PINS$GT$$GT$10write_read17h38c3410c1ad443a6E)
 8013222  8013222        0     1                 $t.3
 8013223  8013223      14a     1                 stm32f4xx_hal::i2c::hal_1::blocking::_$LT$impl$u20$embedded_hal..i2c..blocking..I2c$u20$for$u20$stm32f4xx_hal..i2c..I2c$LT$I2C$C$PINS$GT$$GT$::write_read::h38c3410c1ad443a6
 801336c  801336c      14e     2         /home/david/rocketry/flight-controller/fcu-stm32f407/target/thumbv7em-none-eabihf/release/deps/fcu_stm32f407-f408ced9525465ad.fcu_stm32f407.ec0a8258d748b641-cgu.03.rcgu.o:(.text._ZN13stm32f4xx_hal3i2c5hal_18blocking104_$LT$impl$u20$embedded_hal..i2c..blocking..I2c$u20$for$u20$stm32f4xx_hal..i2c..I2c$LT$I2C$C$PINS$GT$$GT$5write17hf10dab02f5f9d7aaE)
 801336c  801336c        0     1                 $t.5
 801336d  801336d      14e     1                 stm32f4xx_hal::i2c::hal_1::blocking::_$LT$impl$u20$embedded_hal..i2c..blocking..I2c$u20$for$u20$stm32f4xx_hal..i2c..I2c$LT$I2C$C$PINS$GT$$GT$::write::hf10dab02f5f9d7aa
 80134ba  80134ba      2e0     2         /home/david/rocketry/flight-controller/fcu-stm32f407/target/thumbv7em-none-eabihf/release/deps/fcu_stm32f407-f408ced9525465ad.fcu_stm32f407.ec0a8258d748b641-cgu.05.rcgu.o:(.text._ZN7smoltcp5iface9interface14InterfaceInner11dispatch_ip17h3a4f98609481e4e5E)
 80134ba  80134ba        0     1                 $t.0
 80134bb  80134bb      2e0     1                 smoltcp::iface::interface::InterfaceInner::dispatch_ip::h3a4f98609481e4e5
 801379a  801379a      5a0     2         /home/david/rocketry/flight-controller/fcu-stm32f407/target/thumbv7em-none-eabihf/release/deps/fcu_stm32f407-f408ced9525465ad.fcu_stm32f407.ec0a8258d748b641-cgu.05.rcgu.o:(.text._ZN7smoltcp5iface9interface14InterfaceInner16process_ethernet17h2e99a77230a80876E)
 801379a  801379a        0     1                 $t.1
 801379b  801379b      5a0     1                 smoltcp::iface::interface::InterfaceInner::process_ethernet::h2e99a77230a80876
 8013d3a  8013d3a      27c     2         /home/david/rocketry/flight-controller/fcu-stm32f407/target/thumbv7em-none-eabihf/release/deps/fcu_stm32f407-f408ced9525465ad.fcu_stm32f407.ec0a8258d748b641-cgu.05.rcgu.o:(.text._ZN7smoltcp5iface9interface24Interface$LT$DeviceT$GT$4poll17h64c81be6673f33d6E)
 8013d3a  8013d3a        0     1                 $t.3
 8013d3b  8013d3b      27c     1                 smoltcp::iface::interface::Interface$LT$DeviceT$GT$::poll::h64c81be6673f33d6
 8013fb6  8013fb6       dc     2         /home/david/rocketry/flight-controller/fcu-stm32f407/target/thumbv7em-none-eabihf/release/deps/fcu_stm32f407-f408ced9525465ad.fcu_stm32f407.ec0a8258d748b641-cgu.05.rcgu.o:(.text._ZN7smoltcp5iface9interface31InterfaceBuilder$LT$DeviceT$GT$8finalize17hb02670955f130870E)
 8013fb6  8013fb6        0     1                 $t.5
 8013fb7  8013fb7       dc     1                 smoltcp::iface::interface::InterfaceBuilder$LT$DeviceT$GT$::finalize::hb02670955f130870
 8014092  8014092        2     2         /home/david/rocketry/flight-controller/fcu-stm32f407/target/thumbv7em-none-eabihf/release/deps/fcu_stm32f407-f408ced9525465ad.fcu_stm32f407.ec0a8258d748b641-cgu.06.rcgu.o:(.text._ZN4core3ptr35drop_in_place$LT$smoltcp..Error$GT$17h47867aeb47862b09E.llvm.18149582915496225587)
 8014092  8014092        0     1                 $t.0
 8014093  8014093        2     1                 core::ptr::drop_in_place$LT$smoltcp..Error$GT$::h47867aeb47862b09 (.llvm.18149582915496225587)
 8014094  8014094        2     2         /home/david/rocketry/flight-controller/fcu-stm32f407/target/thumbv7em-none-eabihf/release/deps/fcu_stm32f407-f408ced9525465ad.fcu_stm32f407.ec0a8258d748b641-cgu.06.rcgu.o:(.text._ZN4core3ptr90drop_in_place$LT$$LP$shared..comms_hal..NetworkAddress$C$shared..comms_hal..Packet$RP$$GT$17h49f90397d448f473E)
 8014094  8014094        0     1                 $t.1
 8014095  8014095        2     1                 core::ptr::drop_in_place$LT$$LP$shared..comms_hal..NetworkAddress$C$shared..comms_hal..Packet$RP$$GT$::h49f90397d448f473
 8014096  8014096      106     2         /home/david/rocketry/flight-controller/fcu-stm32f407/target/thumbv7em-none-eabihf/release/deps/fcu_stm32f407-f408ced9525465ad.fcu_stm32f407.ec0a8258d748b641-cgu.06.rcgu.o:(.text._ZN71_$LT$$LP$T1$C$T2$C$T3$RP$$u20$as$u20$rtic_core..prelude..TupleExt03$GT$4lock28_$u7b$$u7b$closure$u7d$$u7d$17h6e4d16f0c98d115fE.llvm.18149582915496225587)
 8014096  8014096        0     1                 $t.2
 8014097  8014097      106     1                 _$LT$$LP$T1$C$T2$C$T3$RP$$u20$as$u20$rtic_core..prelude..TupleExt03$GT$::lock::_$u7b$$u7b$closure$u7d$$u7d$::h6e4d16f0c98d115f (.llvm.18149582915496225587)
 801419c  801419c      292     4         /home/david/rocketry/flight-controller/fcu-stm32f407/target/thumbv7em-none-eabihf/release/deps/fcu_stm32f407-f408ced9525465ad.fcu_stm32f407.ec0a8258d748b641-cgu.06.rcgu.o:(.text._ZN71_$LT$$LP$T1$C$T2$C$T3$RP$$u20$as$u20$rtic_core..prelude..TupleExt03$GT$4lock28_$u7b$$u7b$closure$u7d$$u7d$28_$u7b$$u7b$closure$u7d$$u7d$28_$u7b$$u7b$closure$u7d$$u7d$17h6632fdceda7ae513E.llvm.18149582915496225587)
 801419c  801419c        0     1                 $t.3
 801419d  801419d      292     1                 _$LT$$LP$T1$C$T2$C$T3$RP$$u20$as$u20$rtic_core..prelude..TupleExt03$GT$::lock::_$u7b$$u7b$closure$u7d$$u7d$::_$u7b$$u7b$closure$u7d$$u7d$::_$u7b$$u7b$closure$u7d$$u7d$::h6632fdceda7ae513 (.llvm.18149582915496225587)
 80142a2  80142a2        0     1                 $d.4
 80142ae  80142ae        0     1                 $t.5
 801442e  801442e      102     2         /home/david/rocketry/flight-controller/fcu-stm32f407/target/thumbv7em-none-eabihf/release/deps/fcu_stm32f407-f408ced9525465ad.fcu_stm32f407.ec0a8258d748b641-cgu.06.rcgu.o:(.text._ZN76_$LT$$LP$T1$C$T2$C$T3$C$T4$RP$$u20$as$u20$rtic_core..prelude..TupleExt04$GT$4lock28_$u7b$$u7b$closure$u7d$$u7d$28_$u7b$$u7b$closure$u7d$$u7d$17h225096b19d54f219E.llvm.18149582915496225587)
 801442e  801442e        0     1                 $t.6
 801442f  801442f      102     1                 _$LT$$LP$T1$C$T2$C$T3$C$T4$RP$$u20$as$u20$rtic_core..prelude..TupleExt04$GT$::lock::_$u7b$$u7b$closure$u7d$$u7d$::_$u7b$$u7b$closure$u7d$$u7d$::h225096b19d54f219 (.llvm.18149582915496225587)
 8014530  8014530      28a     2         /home/david/rocketry/flight-controller/fcu-stm32f407/target/thumbv7em-none-eabihf/release/deps/fcu_stm32f407-f408ced9525465ad.fcu_stm32f407.ec0a8258d748b641-cgu.06.rcgu.o:(.text._ZN76_$LT$$LP$T1$C$T2$C$T3$C$T4$RP$$u20$as$u20$rtic_core..prelude..TupleExt04$GT$4lock28_$u7b$$u7b$closure$u7d$$u7d$28_$u7b$$u7b$closure$u7d$$u7d$28_$u7b$$u7b$closure$u7d$$u7d$28_$u7b$$u7b$closure$u7d$$u7d$17h28400e9d9ecb6515E.llvm.18149582915496225587)
 8014530  8014530        0     1                 $t.7
 8014531  8014531      28a     1                 _$LT$$LP$T1$C$T2$C$T3$C$T4$RP$$u20$as$u20$rtic_core..prelude..TupleExt04$GT$::lock::_$u7b$$u7b$closure$u7d$$u7d$::_$u7b$$u7b$closure$u7d$$u7d$::_$u7b$$u7b$closure$u7d$$u7d$::_$u7b$$u7b$closure$u7d$$u7d$::h28400e9d9ecb6515 (.llvm.18149582915496225587)
 80147ba  80147ba      106     2         /home/david/rocketry/flight-controller/fcu-stm32f407/target/thumbv7em-none-eabihf/release/deps/fcu_stm32f407-f408ced9525465ad.fcu_stm32f407.ec0a8258d748b641-cgu.06.rcgu.o:(.text._ZN13fcu_stm32f4075comms13eth_interrupt17hde8ce6cd4c0acd84E)
 80147ba  80147ba        0     1                 $t.8
 80147bb  80147bb      106     1                 fcu_stm32f407::comms::eth_interrupt::hde8ce6cd4c0acd84
 80148c0  80148c0      29e     2         /home/david/rocketry/flight-controller/fcu-stm32f407/target/thumbv7em-none-eabihf/release/deps/fcu_stm32f407-f408ced9525465ad.fcu_stm32f407.ec0a8258d748b641-cgu.06.rcgu.o:(.text._ZN13fcu_stm32f4075comms10init_comms17h2ef7425774e18dbaE)
 80148c0  80148c0        0     1                 $t.10
 80148c1  80148c1      29e     1                 fcu_stm32f407::comms::init_comms::h2ef7425774e18dba
 8014b60  8014b60       fa     4         /home/david/rocketry/flight-controller/fcu-stm32f407/target/thumbv7em-none-eabihf/release/deps/fcu_stm32f407-f408ced9525465ad.fcu_stm32f407.ec0a8258d748b641-cgu.07.rcgu.o:(.text._ZN13stm32f4xx_hal6serial44Serial$LT$USART$C$$LP$TX$C$RX$RP$$C$WORD$GT$3new17he7eecfb03d4eb782E)
 8014b60  8014b60        0     1                 $t.2
 8014b61  8014b61       fa     1                 stm32f4xx_hal::serial::Serial$LT$USART$C$$LP$TX$C$RX$RP$$C$WORD$GT$::new::he7eecfb03d4eb782
 8014c1e  8014c1e        0     1                 $d.3
 8014c22  8014c22        0     1                 $t.4
 8014c5a  8014c5a        2     2         /home/david/rocketry/flight-controller/fcu-stm32f407/target/thumbv7em-none-eabihf/release/deps/fcu_stm32f407-f408ced9525465ad.fcu_stm32f407.ec0a8258d748b641-cgu.07.rcgu.o:(.text._ZN4core3ptr92drop_in_place$LT$$RF$mut$u20$stm32f4xx_hal..serial..Tx$LT$stm32f4..stm32f407..USART2$GT$$GT$17h7ed5c38e0e9b78c5E)
 8014c5a  8014c5a        0     1                 $t.5
 8014c5b  8014c5b        2     1                 core::ptr::drop_in_place$LT$$RF$mut$u20$stm32f4xx_hal..serial..Tx$LT$stm32f4..stm32f407..USART2$GT$$GT$::h7ed5c38e0e9b78c5
 8014c5c  8014c5c       f8     2         /home/david/rocketry/flight-controller/fcu-stm32f407/target/thumbv7em-none-eabihf/release/deps/fcu_stm32f407-f408ced9525465ad.fcu_stm32f407.ec0a8258d748b641-cgu.07.rcgu.o:(.text._ZN50_$LT$$RF$mut$u20$W$u20$as$u20$core..fmt..Write$GT$10write_char17he63c4e4708f80b37E)
 8014c5c  8014c5c        0     1                 $t.6
 8014c5d  8014c5d       f8     1                 _$LT$$RF$mut$u20$W$u20$as$u20$core..fmt..Write$GT$::write_char::he63c4e4708f80b37
 8014d54  8014d54       1e     2         /home/david/rocketry/flight-controller/fcu-stm32f407/target/thumbv7em-none-eabihf/release/deps/fcu_stm32f407-f408ced9525465ad.fcu_stm32f407.ec0a8258d748b641-cgu.07.rcgu.o:(.text._ZN50_$LT$$RF$mut$u20$W$u20$as$u20$core..fmt..Write$GT$9write_fmt17hd4d6f51243b6033aE)
 8014d54  8014d54        0     1                 $t.7
 8014d55  8014d55       1e     1                 _$LT$$RF$mut$u20$W$u20$as$u20$core..fmt..Write$GT$::write_fmt::hd4d6f51243b6033a
 8014d72  8014d72       32     2         /home/david/rocketry/flight-controller/fcu-stm32f407/target/thumbv7em-none-eabihf/release/deps/fcu_stm32f407-f408ced9525465ad.fcu_stm32f407.ec0a8258d748b641-cgu.07.rcgu.o:(.text._ZN50_$LT$$RF$mut$u20$W$u20$as$u20$core..fmt..Write$GT$9write_str17hc345e5a6fb1ec70bE)
 8014d72  8014d72        0     1                 $t.8
 8014d73  8014d73       32     1                 _$LT$$RF$mut$u20$W$u20$as$u20$core..fmt..Write$GT$::write_str::hc345e5a6fb1ec70b
 8014da4  8014da4      1f0     2         /home/david/rocketry/flight-controller/fcu-stm32f407/target/thumbv7em-none-eabihf/release/deps/fcu_stm32f407-f408ced9525465ad.fcu_stm32f407.ec0a8258d748b641-cgu.08.rcgu.o:(.text._ZN7smoltcp4wire3arp4Repr4emit17hd5da9e01e26fe908E)
 8014da4  8014da4        0     1                 $t.8
 8014da5  8014da5      1f0     1                 smoltcp::wire::arp::Repr::emit::hd5da9e01e26fe908
 8014f94  8014f94      1a0     2         /home/david/rocketry/flight-controller/fcu-stm32f407/target/thumbv7em-none-eabihf/release/deps/fcu_stm32f407-f408ced9525465ad.fcu_stm32f407.ec0a8258d748b641-cgu.08.rcgu.o:(.text._ZN7smoltcp4wire3arp4Repr5parse17h9be9dde65ccbcc30E)
 8014f94  8014f94        0     1                 $t.9
 8014f95  8014f95      1a0     1                 smoltcp::wire::arp::Repr::parse::h9be9dde65ccbcc30
 8015134  8015134      220     2         /home/david/rocketry/flight-controller/fcu-stm32f407/target/thumbv7em-none-eabihf/release/deps/fcu_stm32f407-f408ced9525465ad.fcu_stm32f407.ec0a8258d748b641-cgu.08.rcgu.o:(.text._ZN7smoltcp7storage11ring_buffer19RingBuffer$LT$T$GT$16dequeue_one_with17h4d81f6833e0316a3E)
 8015134  8015134        0     1                 $t.10
 8015135  8015135      220     1                 smoltcp::storage::ring_buffer::RingBuffer$LT$T$GT$::dequeue_one_with::h4d81f6833e0316a3
 8015354  8015354       de     2         /home/david/rocketry/flight-controller/fcu-stm32f407/target/thumbv7em-none-eabihf/release/deps/fcu_stm32f407-f408ced9525465ad.fcu_stm32f407.ec0a8258d748b641-cgu.08.rcgu.o:(.text._ZN7smoltcp7storage11ring_buffer19RingBuffer$LT$T$GT$16dequeue_one_with17h80c60cefa4fd3aeeE)
 8015354  8015354        0     1                 $t.11
 8015355  8015355       de     1                 smoltcp::storage::ring_buffer::RingBuffer$LT$T$GT$::dequeue_one_with::h80c60cefa4fd3aee
 8015432  8015432       10     2         /home/david/rocketry/flight-controller/fcu-stm32f407/target/thumbv7em-none-eabihf/release/deps/fcu_stm32f407-f408ced9525465ad.fcu_stm32f407.ec0a8258d748b641-cgu.10.rcgu.o:(.text._ZN45_$LT$$LP$$RP$$u20$as$u20$core..fmt..Debug$GT$3fmt17h9c01b68e7fe86f4fE.llvm.885347914367940572)
 8015432  8015432        0     1                 $t.3
 8015433  8015433       10     1                 _$LT$$LP$$RP$$u20$as$u20$core..fmt..Debug$GT$::fmt::h9c01b68e7fe86f4f (.llvm.885347914367940572)
 8015442  8015442       3c     2         /home/david/rocketry/flight-controller/fcu-stm32f407/target/thumbv7em-none-eabihf/release/deps/fcu_stm32f407-f408ced9525465ad.fcu_stm32f407.ec0a8258d748b641-cgu.10.rcgu.o:(.text._ZN4core3fmt3num50_$LT$impl$u20$core..fmt..Debug$u20$for$u20$u32$GT$3fmt17hf11807a778bcb5e8E.llvm.885347914367940572)
 8015442  8015442        0     1                 $t.4
 8015443  8015443       3c     1                 core::fmt::num::_$LT$impl$u20$core..fmt..Debug$u20$for$u20$u32$GT$::fmt::hf11807a778bcb5e8 (.llvm.885347914367940572)
 801547e  801547e        2     2         /home/david/rocketry/flight-controller/fcu-stm32f407/target/thumbv7em-none-eabihf/release/deps/fcu_stm32f407-f408ced9525465ad.fcu_stm32f407.ec0a8258d748b641-cgu.10.rcgu.o:(.text._ZN4core3ptr24drop_in_place$LT$u32$GT$17he506fa9cec2c8ec9E.llvm.885347914367940572)
 801547e  801547e        0     1                 $t.5
 801547f  801547f        2     1                 core::ptr::drop_in_place$LT$u32$GT$::he506fa9cec2c8ec9 (.llvm.885347914367940572)
 8015480  8015480        2     2         /home/david/rocketry/flight-controller/fcu-stm32f407/target/thumbv7em-none-eabihf/release/deps/fcu_stm32f407-f408ced9525465ad.fcu_stm32f407.ec0a8258d748b641-cgu.10.rcgu.o:(.text._ZN4core3ptr29drop_in_place$LT$$LP$$RP$$GT$17h9623723fb7063ef6E.llvm.885347914367940572)
 8015480  8015480        0     1                 $t.6
 8015481  8015481        2     1                 core::ptr::drop_in_place$LT$$LP$$RP$$GT$::h9623723fb7063ef6 (.llvm.885347914367940572)
 8015482  8015482       30     2         /home/david/rocketry/flight-controller/fcu-stm32f407/target/thumbv7em-none-eabihf/release/deps/fcu_stm32f407-f408ced9525465ad.fcu_stm32f407.ec0a8258d748b641-cgu.10.rcgu.o:(.text._ZN76_$LT$stm32_eth..smoltcp_phy..EthTxToken$u20$as$u20$smoltcp..phy..TxToken$GT$7consume17h607b59c694034d90E)
 8015482  8015482        0     1                 $t.10
 8015483  8015483       30     1                 _$LT$stm32_eth..smoltcp_phy..EthTxToken$u20$as$u20$smoltcp..phy..TxToken$GT$::consume::h607b59c694034d90
 80154b2  80154b2       a4     2         /home/david/rocketry/flight-controller/fcu-stm32f407/target/thumbv7em-none-eabihf/release/deps/fcu_stm32f407-f408ced9525465ad.fcu_stm32f407.ec0a8258d748b641-cgu.10.rcgu.o:(.text._ZN13fcu_stm32f4077logging17log_data_to_flash28_$u7b$$u7b$closure$u7d$$u7d$17h4dacdc46afb8d78cE.llvm.885347914367940572)
 80154b2  80154b2        0     1                 $t.17
 80154b3  80154b3       a4     1                 fcu_stm32f407::logging::log_data_to_flash::_$u7b$$u7b$closure$u7d$$u7d$::h4dacdc46afb8d78c (.llvm.885347914367940572)
 8015556  8015556      194     2         /home/david/rocketry/flight-controller/fcu-stm32f407/target/thumbv7em-none-eabihf/release/deps/fcu_stm32f407-f408ced9525465ad.fcu_stm32f407.ec0a8258d748b641-cgu.10.rcgu.o:(.text._ZN13fcu_stm32f4077logging26read_log_page_and_transfer17h636ebf5bb392dbffE)
 8015556  8015556        0     1                 $t.18
 8015557  8015557      194     1                 fcu_stm32f407::logging::read_log_page_and_transfer::h636ebf5bb392dbff
 80156ea  80156ea       f8     2         /home/david/rocketry/flight-controller/fcu-stm32f407/target/thumbv7em-none-eabihf/release/deps/fcu_stm32f407-f408ced9525465ad.fcu_stm32f407.ec0a8258d748b641-cgu.10.rcgu.o:(.text._ZN13fcu_stm32f4077logging16usart2_interrupt17hd28852ea1a032920E)
 80156ea  80156ea        0     1                 $t.19
 80156eb  80156eb       f8     1                 fcu_stm32f407::logging::usart2_interrupt::hd28852ea1a032920
 80157e2  80157e2      16e     2         /home/david/rocketry/flight-controller/fcu-stm32f407/target/thumbv7em-none-eabihf/release/deps/fcu_stm32f407-f408ced9525465ad.fcu_stm32f407.ec0a8258d748b641-cgu.10.rcgu.o:(.text._ZN13fcu_stm32f4077logging20erase_data_log_flash17h2f4829797f7aca48E)
 80157e2  80157e2        0     1                 $t.21
 80157e3  80157e3      16e     1                 fcu_stm32f407::logging::erase_data_log_flash::h2f4829797f7aca48
 8015950  8015950       86     2         /home/david/rocketry/flight-controller/fcu-stm32f407/target/thumbv7em-none-eabihf/release/deps/fcu_stm32f407-f408ced9525465ad.fcu_stm32f407.ec0a8258d748b641-cgu.11.rcgu.o:(.text._ZN101_$LT$bare_metal..Mutex$LT$core..cell..RefCell$LT$T$GT$$GT$$u20$as$u20$shared_bus..mutex..BusMutex$GT$4lock17h081af17e42ec1fecE)
 8015950  8015950        0     1                 $t.0
 8015951  8015951       86     1                 _$LT$bare_metal..Mutex$LT$core..cell..RefCell$LT$T$GT$$GT$$u20$as$u20$shared_bus..mutex..BusMutex$GT$::lock::h081af17e42ec1fec
 80159d6  80159d6        2     2         /home/david/rocketry/flight-controller/fcu-stm32f407/target/thumbv7em-none-eabihf/release/deps/fcu_stm32f407-f408ced9525465ad.fcu_stm32f407.ec0a8258d748b641-cgu.11.rcgu.o:(.text._ZN4core3ptr47drop_in_place$LT$core..cell..BorrowMutError$GT$17hc606cde01c6b61f7E.llvm.9527107780417927956)
 80159d6  80159d6        0     1                 $t.4
 80159d7  80159d7        2     1                 core::ptr::drop_in_place$LT$core..cell..BorrowMutError$GT$::hc606cde01c6b61f7 (.llvm.9527107780417927956)
 80159d8  80159d8      5de     2         /home/david/rocketry/flight-controller/fcu-stm32f407/target/thumbv7em-none-eabihf/release/deps/fcu_stm32f407-f408ced9525465ad.fcu_stm32f407.ec0a8258d748b641-cgu.11.rcgu.o:(.text._ZN6shared13comms_manager21CommsManager$LT$_$GT$14extract_packet17h513c3a216286e7acE)
 80159d8  80159d8        0     1                 $t.5
 80159d9  80159d9      5de     1                 shared::comms_manager::CommsManager$LT$_$GT$::extract_packet::h513c3a216286e7ac
 8015fb6  8015fb6      52a     2         /home/david/rocketry/flight-controller/fcu-stm32f407/target/thumbv7em-none-eabihf/release/deps/fcu_stm32f407-f408ced9525465ad.fcu_stm32f407.ec0a8258d748b641-cgu.11.rcgu.o:(.text._ZN6shared13comms_manager21CommsManager$LT$_$GT$14process_packet17h97d02da914412059E)
 8015fb6  8015fb6        0     1                 $t.6
 8015fb7  8015fb7      52a     1                 shared::comms_manager::CommsManager$LT$_$GT$::process_packet::h97d02da914412059
 80164e0  80164e0      130     2         /home/david/rocketry/flight-controller/fcu-stm32f407/target/thumbv7em-none-eabihf/release/deps/fcu_stm32f407-f408ced9525465ad.fcu_stm32f407.ec0a8258d748b641-cgu.11.rcgu.o:(.text._ZN9stm32_eth2tx6TxRing4send17h4b71f016c3bba733E)
 80164e0  80164e0        0     1                 $t.10
 80164e1  80164e1      130     1                 stm32_eth::tx::TxRing::send::h4b71f016c3bba733
 8016610  8016610      12c     2         /home/david/rocketry/flight-controller/fcu-stm32f407/target/thumbv7em-none-eabihf/release/deps/fcu_stm32f407-f408ced9525465ad.fcu_stm32f407.ec0a8258d748b641-cgu.11.rcgu.o:(.text._ZN9stm32_eth2tx6TxRing4send17hdfb1536e71c1a4a8E)
 8016610  8016610        0     1                 $t.11
 8016611  8016611      12c     1                 stm32_eth::tx::TxRing::send::hdfb1536e71c1a4a8
 801673c  801673c      1b4     2         /home/david/rocketry/flight-controller/fcu-stm32f407/target/thumbv7em-none-eabihf/release/deps/fcu_stm32f407-f408ced9525465ad.fcu_stm32f407.ec0a8258d748b641-cgu.11.rcgu.o:(.text._ZN9stm32_eth2tx6TxRing4send17heb29bb6ad17bfde0E)
 801673c  801673c        0     1                 $t.12
 801673d  801673d      1b4     1                 stm32_eth::tx::TxRing::send::heb29bb6ad17bfde0
 80168f0  80168f0        6     2         /home/david/rocketry/flight-controller/fcu-stm32f407/target/thumbv7em-none-eabihf/release/deps/fcu_stm32f407-f408ced9525465ad.fcu_stm32f407.ec0a8258d748b641-cgu.12.rcgu.o:(.text._ZN42_$LT$$RF$T$u20$as$u20$core..fmt..Debug$GT$3fmt17h6801a86f05931fecE)
 80168f0  80168f0        0     1                 $t.0
 80168f1  80168f1        6     1                 _$LT$$RF$T$u20$as$u20$core..fmt..Debug$GT$::fmt::h6801a86f05931fec
 80168f8  80168f8      3a0     4         /home/david/rocketry/flight-controller/fcu-stm32f407/target/thumbv7em-none-eabihf/release/deps/fcu_stm32f407-f408ced9525465ad.fcu_stm32f407.ec0a8258d748b641-cgu.12.rcgu.o:(.text._ZN9ms5611_rs17Ms5611$LT$I2C$GT$4read17h4e78244f0d81e310E)
 80168f8  80168f8        0     1                 $t.10
 80168f9  80168f9      3a0     1                 ms5611_rs::Ms5611$LT$I2C$GT$::read::h4e78244f0d81e310
 8016c90  8016c90        0     1                 $d.11
 8016c98  8016c98      3fa     2         /home/david/rocketry/flight-controller/fcu-stm32f407/target/thumbv7em-none-eabihf/release/deps/fcu_stm32f407-f408ced9525465ad.fcu_stm32f407.ec0a8258d748b641-cgu.12.rcgu.o:(.text._ZN9ms5611_rs17Ms5611$LT$I2C$GT$9read_prom17hd4bf67bf3e423814E)
 8016c98  8016c98        0     1                 $t.12
 8016c99  8016c99      3fa     1                 ms5611_rs::Ms5611$LT$I2C$GT$::read_prom::hd4bf67bf3e423814
 8017092  8017092       3e     2         /home/david/rocketry/flight-controller/fcu-stm32f407/target/thumbv7em-none-eabihf/release/deps/fcu_stm32f407-f408ced9525465ad.fcu_stm32f407.ec0a8258d748b641-cgu.12.rcgu.o:(.text._ZN13fcu_stm32f40723__cortex_m_rt_HardFault17haf97209159d3d1f6E)
 8017092  8017092        0     1                 $t.16
 8017093  8017093       3e     1                 fcu_stm32f407::__cortex_m_rt_HardFault::haf97209159d3d1f6
 80170d0  80170d0        6     2         /home/david/rocketry/flight-controller/fcu-stm32f407/target/thumbv7em-none-eabihf/release/deps/fcu_stm32f407-f408ced9525465ad.fcu_stm32f407.ec0a8258d748b641-cgu.13.rcgu.o:(.text._ZN42_$LT$$RF$T$u20$as$u20$core..fmt..Debug$GT$3fmt17hb886141994c901e7E)
 80170d0  80170d0        0     1                 $t.0
 80170d1  80170d1        6     1                 _$LT$$RF$T$u20$as$u20$core..fmt..Debug$GT$::fmt::hb886141994c901e7
 80170d6  80170d6        6     2         /home/david/rocketry/flight-controller/fcu-stm32f407/target/thumbv7em-none-eabihf/release/deps/fcu_stm32f407-f408ced9525465ad.fcu_stm32f407.ec0a8258d748b641-cgu.13.rcgu.o:(.text._ZN42_$LT$$RF$T$u20$as$u20$core..fmt..Debug$GT$3fmt17hdbe12337953bd9d2E)
 80170d6  80170d6        0     1                 $t.1
 80170d7  80170d7        6     1                 _$LT$$RF$T$u20$as$u20$core..fmt..Debug$GT$::fmt::hdbe12337953bd9d2
 80170dc  80170dc        2     2         /home/david/rocketry/flight-controller/fcu-stm32f407/target/thumbv7em-none-eabihf/release/deps/fcu_stm32f407-f408ced9525465ad.fcu_stm32f407.ec0a8258d748b641-cgu.13.rcgu.o:(.text._ZN4core3ptr50drop_in_place$LT$$RF$shared..comms_hal..Packet$GT$17h8050e3bb98cf90ffE)
 80170dc  80170dc        0     1                 $t.2
 80170dd  80170dd        2     1                 core::ptr::drop_in_place$LT$$RF$shared..comms_hal..Packet$GT$::h8050e3bb98cf90ff
 80170de  80170de       4c     2         /home/david/rocketry/flight-controller/fcu-stm32f407/target/thumbv7em-none-eabihf/release/deps/fcu_stm32f407-f408ced9525465ad.fcu_stm32f407.ec0a8258d748b641-cgu.13.rcgu.o:(.text._ZN50_$LT$$LP$U$C$T$RP$$u20$as$u20$core..fmt..Debug$GT$3fmt17h395b7809400d8e26E)
 80170de  80170de        0     1                 $t.3
 80170df  80170df       4c     1                 _$LT$$LP$U$C$T$RP$$u20$as$u20$core..fmt..Debug$GT$::fmt::h395b7809400d8e26
 801712a  801712a       4c     2         /home/david/rocketry/flight-controller/fcu-stm32f407/target/thumbv7em-none-eabihf/release/deps/fcu_stm32f407-f408ced9525465ad.fcu_stm32f407.ec0a8258d748b641-cgu.13.rcgu.o:(.text._ZN50_$LT$$LP$U$C$T$RP$$u20$as$u20$core..fmt..Debug$GT$3fmt17h83f5c79cea1e83b2E)
 801712a  801712a        0     1                 $t.4
 801712b  801712b       4c     1                 _$LT$$LP$U$C$T$RP$$u20$as$u20$core..fmt..Debug$GT$::fmt::h83f5c79cea1e83b2
 8017176  8017176      188     2         /home/david/rocketry/flight-controller/fcu-stm32f407/target/thumbv7em-none-eabihf/release/deps/fcu_stm32f407-f408ced9525465ad.fcu_stm32f407.ec0a8258d748b641-cgu.13.rcgu.o:(.text._ZN7smoltcp4wire4ipv44Repr4emit17hbc8444d39b69b6deE)
 8017176  8017176        0     1                 $t.6
 8017177  8017177      188     1                 smoltcp::wire::ipv4::Repr::emit::hbc8444d39b69b6de
 80172fe  80172fe      148     2         /home/david/rocketry/flight-controller/fcu-stm32f407/target/thumbv7em-none-eabihf/release/deps/fcu_stm32f407-f408ced9525465ad.fcu_stm32f407.ec0a8258d748b641-cgu.13.rcgu.o:(.text._ZN7smoltcp4wire4ipv44Repr5parse17h68e2d28bb1089d22E)
 80172fe  80172fe        0     1                 $t.7
 80172ff  80172ff      148     1                 smoltcp::wire::ipv4::Repr::parse::h68e2d28bb1089d22
 8017446  8017446       70     2         /home/david/rocketry/flight-controller/fcu-stm32f407/target/thumbv7em-none-eabihf/release/deps/fcu_stm32f407-f408ced9525465ad.fcu_stm32f407.ec0a8258d748b641-cgu.13.rcgu.o:(.text._ZN9stm32_eth3new17h60d7c21de8123c43E)
 8017446  8017446        0     1                 $t.12
 8017447  8017447       70     1                 stm32_eth::new::h60d7c21de8123c43
 80174b6  80174b6       10     2         /home/david/rocketry/flight-controller/fcu-stm32f407/target/thumbv7em-none-eabihf/release/deps/fcu_stm32f407-f408ced9525465ad.fcu_stm32f407.ec0a8258d748b641-cgu.14.rcgu.o:(.text._ZN45_$LT$$LP$$RP$$u20$as$u20$core..fmt..Debug$GT$3fmt17h9c01b68e7fe86f4fE.llvm.13570366462302816187)
 80174b6  80174b6        0     1                 $t.0
 80174b7  80174b7       10     1                 _$LT$$LP$$RP$$u20$as$u20$core..fmt..Debug$GT$::fmt::h9c01b68e7fe86f4f (.llvm.13570366462302816187)
 80174c6  80174c6        2     2         /home/david/rocketry/flight-controller/fcu-stm32f407/target/thumbv7em-none-eabihf/release/deps/fcu_stm32f407-f408ced9525465ad.fcu_stm32f407.ec0a8258d748b641-cgu.14.rcgu.o:(.text._ZN4core3ptr29drop_in_place$LT$$LP$$RP$$GT$17h9623723fb7063ef6E.llvm.13570366462302816187)
 80174c6  80174c6        0     1                 $t.1
 80174c7  80174c7        2     1                 core::ptr::drop_in_place$LT$$LP$$RP$$GT$::h9623723fb7063ef6 (.llvm.13570366462302816187)
 80174c8  80174c8       d0     2         /home/david/rocketry/flight-controller/fcu-stm32f407/target/thumbv7em-none-eabihf/release/deps/fcu_stm32f407-f408ced9525465ad.fcu_stm32f407.ec0a8258d748b641-cgu.14.rcgu.o:(.text._ZN9bmi088_rs3acc59_$LT$impl$u20$bmi088_rs..Bmi088Accelerometer$LT$I2C$GT$$GT$13set_bandwidth17h03257445922cf8b8E)
 80174c8  80174c8        0     1                 $t.7
 80174c9  80174c9       d0     1                 bmi088_rs::acc::_$LT$impl$u20$bmi088_rs..Bmi088Accelerometer$LT$I2C$GT$$GT$::set_bandwidth::h03257445922cf8b8
 8017598  8017598       d2     2         /home/david/rocketry/flight-controller/fcu-stm32f407/target/thumbv7em-none-eabihf/release/deps/fcu_stm32f407-f408ced9525465ad.fcu_stm32f407.ec0a8258d748b641-cgu.14.rcgu.o:(.text._ZN9bmi088_rs3acc59_$LT$impl$u20$bmi088_rs..Bmi088Accelerometer$LT$I2C$GT$$GT$13set_data_rate17h32d31a3e495e45d9E)
 8017598  8017598        0     1                 $t.8
 8017599  8017599       d2     1                 bmi088_rs::acc::_$LT$impl$u20$bmi088_rs..Bmi088Accelerometer$LT$I2C$GT$$GT$::set_data_rate::h32d31a3e495e45d9
 801766a  801766a      14a     2         /home/david/rocketry/flight-controller/fcu-stm32f407/target/thumbv7em-none-eabihf/release/deps/fcu_stm32f407-f408ced9525465ad.fcu_stm32f407.ec0a8258d748b641-cgu.14.rcgu.o:(.text._ZN9bmi088_rs3acc59_$LT$impl$u20$bmi088_rs..Bmi088Accelerometer$LT$I2C$GT$$GT$18configure_int1_pin17hda1b911f7790d278E)
 801766a  801766a        0     1                 $t.9
 801766b  801766b      14a     1                 bmi088_rs::acc::_$LT$impl$u20$bmi088_rs..Bmi088Accelerometer$LT$I2C$GT$$GT$::configure_int1_pin::hda1b911f7790d278
 80177b4  80177b4       88     2         /home/david/rocketry/flight-controller/fcu-stm32f407/target/thumbv7em-none-eabihf/release/deps/fcu_stm32f407-f408ced9525465ad.fcu_stm32f407.ec0a8258d748b641-cgu.14.rcgu.o:(.text._ZN9bmi088_rs3acc59_$LT$impl$u20$bmi088_rs..Bmi088Accelerometer$LT$I2C$GT$$GT$6set_on17h88415ffa7bfaff93E)
 80177b4  80177b4        0     1                 $t.10
 80177b5  80177b5       88     1                 bmi088_rs::acc::_$LT$impl$u20$bmi088_rs..Bmi088Accelerometer$LT$I2C$GT$$GT$::set_on::h88415ffa7bfaff93
 801783c  801783c       82     2         /home/david/rocketry/flight-controller/fcu-stm32f407/target/thumbv7em-none-eabihf/release/deps/fcu_stm32f407-f408ced9525465ad.fcu_stm32f407.ec0a8258d748b641-cgu.14.rcgu.o:(.text._ZN9bmi088_rs3acc59_$LT$impl$u20$bmi088_rs..Bmi088Accelerometer$LT$I2C$GT$$GT$9set_range17h6a900804cbc77646E)
 801783c  801783c        0     1                 $t.11
 801783d  801783d       82     1                 bmi088_rs::acc::_$LT$impl$u20$bmi088_rs..Bmi088Accelerometer$LT$I2C$GT$$GT$::set_range::h6a900804cbc77646
 80178be  80178be       82     2         /home/david/rocketry/flight-controller/fcu-stm32f407/target/thumbv7em-none-eabihf/release/deps/fcu_stm32f407-f408ced9525465ad.fcu_stm32f407.ec0a8258d748b641-cgu.14.rcgu.o:(.text._ZN9bmi088_rs4gyro55_$LT$impl$u20$bmi088_rs..Bmi088Gyroscope$LT$I2C$GT$$GT$13set_bandwidth17h11acaeb270aa34c3E)
 80178be  80178be        0     1                 $t.12
 80178bf  80178bf       82     1                 bmi088_rs::gyro::_$LT$impl$u20$bmi088_rs..Bmi088Gyroscope$LT$I2C$GT$$GT$::set_bandwidth::h11acaeb270aa34c3
 8017940  8017940      1b6     2         /home/david/rocketry/flight-controller/fcu-stm32f407/target/thumbv7em-none-eabihf/release/deps/fcu_stm32f407-f408ced9525465ad.fcu_stm32f407.ec0a8258d748b641-cgu.14.rcgu.o:(.text._ZN9bmi088_rs4gyro55_$LT$impl$u20$bmi088_rs..Bmi088Gyroscope$LT$I2C$GT$$GT$18configure_int3_pin17haabf2595c0bebd66E)
 8017940  8017940        0     1                 $t.13
 8017941  8017941      1b6     1                 bmi088_rs::gyro::_$LT$impl$u20$bmi088_rs..Bmi088Gyroscope$LT$I2C$GT$$GT$::configure_int3_pin::haabf2595c0bebd66
 8017af6  8017af6       8c     2         /home/david/rocketry/flight-controller/fcu-stm32f407/target/thumbv7em-none-eabihf/release/deps/fcu_stm32f407-f408ced9525465ad.fcu_stm32f407.ec0a8258d748b641-cgu.14.rcgu.o:(.text._ZN9bmi088_rs4gyro55_$LT$impl$u20$bmi088_rs..Bmi088Gyroscope$LT$I2C$GT$$GT$6set_on17hf9a4640f90d10eebE)
 8017af6  8017af6        0     1                 $t.14
 8017af7  8017af7       8c     1                 bmi088_rs::gyro::_$LT$impl$u20$bmi088_rs..Bmi088Gyroscope$LT$I2C$GT$$GT$::set_on::hf9a4640f90d10eeb
 8017b82  8017b82       82     2         /home/david/rocketry/flight-controller/fcu-stm32f407/target/thumbv7em-none-eabihf/release/deps/fcu_stm32f407-f408ced9525465ad.fcu_stm32f407.ec0a8258d748b641-cgu.14.rcgu.o:(.text._ZN9bmi088_rs4gyro55_$LT$impl$u20$bmi088_rs..Bmi088Gyroscope$LT$I2C$GT$$GT$9set_range17h4b016c45ab445aa5E)
 8017b82  8017b82        0     1                 $t.15
 8017b83  8017b83       82     1                 bmi088_rs::gyro::_$LT$impl$u20$bmi088_rs..Bmi088Gyroscope$LT$I2C$GT$$GT$::set_range::h4b016c45ab445aa5
 8017c04  8017c04      200     4         /home/david/rocketry/flight-controller/fcu-stm32f407/target/thumbv7em-none-eabihf/release/deps/fcu_stm32f407-f408ced9525465ad.fcu_stm32f407.ec0a8258d748b641-cgu.14.rcgu.o:(.text._ZN13fcu_stm32f4077sensors16bmi088_interrupt28_$u7b$$u7b$closure$u7d$$u7d$17h32ca20300ec756a8E.llvm.13570366462302816187)
 8017c04  8017c04        0     1                 $t.17
 8017c05  8017c05      200     1                 fcu_stm32f407::sensors::bmi088_interrupt::_$u7b$$u7b$closure$u7d$$u7d$::h32ca20300ec756a8 (.llvm.13570366462302816187)
 8017e00  8017e00        0     1                 $d.18
 8017e04  8017e04      12c     4         /home/david/rocketry/flight-controller/fcu-stm32f407/target/thumbv7em-none-eabihf/release/deps/fcu_stm32f407-f408ced9525465ad.fcu_stm32f407.ec0a8258d748b641-cgu.14.rcgu.o:(.text._ZN13fcu_stm32f4077sensors13ms5611_update17h5c2ac9e865b203baE)
 8017e04  8017e04        0     1                 $t.20
 8017e05  8017e05      12c     1                 fcu_stm32f407::sensors::ms5611_update::h5c2ac9e865b203ba
 8017f2c  8017f2c        0     1                 $d.21
 8017f30  8017f30       22     2         /home/david/rocketry/flight-controller/fcu-stm32f407/target/thumbv7em-none-eabihf/release/deps/fcu_stm32f407-f408ced9525465ad.fcu_stm32f407.ec0a8258d748b641-cgu.15.rcgu.o:(.text._ZN36_$LT$T$u20$as$u20$core..any..Any$GT$7type_id17hcc424ae6cc243d0cE)
 8017f30  8017f30        0     1                 $t.3
 8017f31  8017f31       22     1                 _$LT$T$u20$as$u20$core..any..Any$GT$::type_id::hcc424ae6cc243d0c
 8017f52  8017f52        4     2         /home/david/rocketry/flight-controller/fcu-stm32f407/target/thumbv7em-none-eabihf/release/deps/fcu_stm32f407-f408ced9525465ad.fcu_stm32f407.ec0a8258d748b641-cgu.15.rcgu.o:(.text._ZN41_$LT$bool$u20$as$u20$core..fmt..Debug$GT$3fmt17h74ec2b31b76ad20cE)
 8017f52  8017f52        0     1                 $t.4
 8017f53  8017f53        4     1                 _$LT$bool$u20$as$u20$core..fmt..Debug$GT$::fmt::h74ec2b31b76ad20c
 8017f56  8017f56       10     2         /home/david/rocketry/flight-controller/fcu-stm32f407/target/thumbv7em-none-eabihf/release/deps/fcu_stm32f407-f408ced9525465ad.fcu_stm32f407.ec0a8258d748b641-cgu.15.rcgu.o:(.text._ZN45_$LT$$LP$$RP$$u20$as$u20$core..fmt..Debug$GT$3fmt17h9c01b68e7fe86f4fE.llvm.11167585691646428220)
 8017f56  8017f56        0     1                 $t.5
 8017f57  8017f57       10     1                 _$LT$$LP$$RP$$u20$as$u20$core..fmt..Debug$GT$::fmt::h9c01b68e7fe86f4f (.llvm.11167585691646428220)
 8017f66  8017f66        2     2         /home/david/rocketry/flight-controller/fcu-stm32f407/target/thumbv7em-none-eabihf/release/deps/fcu_stm32f407-f408ced9525465ad.fcu_stm32f407.ec0a8258d748b641-cgu.15.rcgu.o:(.text._ZN4core3ptr29drop_in_place$LT$$LP$$RP$$GT$17h9623723fb7063ef6E.llvm.11167585691646428220)
 8017f66  8017f66        0     1                 $t.7
 8017f67  8017f67        2     1                 core::ptr::drop_in_place$LT$$LP$$RP$$GT$::h9623723fb7063ef6 (.llvm.11167585691646428220)
 8017f68  8017f68        2     2         /home/david/rocketry/flight-controller/fcu-stm32f407/target/thumbv7em-none-eabihf/release/deps/fcu_stm32f407-f408ced9525465ad.fcu_stm32f407.ec0a8258d748b641-cgu.15.rcgu.o:(.text._ZN4core3ptr46drop_in_place$LT$stm32f4xx_hal..spi..Error$GT$17h160051174c1c4f51E.llvm.11167585691646428220)
 8017f68  8017f68        0     1                 $t.8
 8017f69  8017f69        2     1                 core::ptr::drop_in_place$LT$stm32f4xx_hal..spi..Error$GT$::h160051174c1c4f51 (.llvm.11167585691646428220)
 8017f6a  8017f6a        2     2         /home/david/rocketry/flight-controller/fcu-stm32f407/target/thumbv7em-none-eabihf/release/deps/fcu_stm32f407-f408ced9525465ad.fcu_stm32f407.ec0a8258d748b641-cgu.15.rcgu.o:(.text._ZN4core3ptr66drop_in_place$LT$fcu_stm32f407..fcu_driver..Stm32F407FcuDriver$GT$17h22707fc6288ca5f4E)
 8017f6a  8017f6a        0     1                 $t.9
 8017f6b  8017f6b        2     1                 core::ptr::drop_in_place$LT$fcu_stm32f407..fcu_driver..Stm32F407FcuDriver$GT$::h22707fc6288ca5f4
 8017f6c  8017f6c        2     2         /home/david/rocketry/flight-controller/fcu-stm32f407/target/thumbv7em-none-eabihf/release/deps/fcu_stm32f407-f408ced9525465ad.fcu_stm32f407.ec0a8258d748b641-cgu.15.rcgu.o:(.text._ZN4core3ptr90drop_in_place$LT$$LP$shared..comms_hal..Packet$C$shared..comms_hal..NetworkAddress$RP$$GT$17h14fd51d66b2623eaE)
 8017f6c  8017f6c        0     1                 $t.10
 8017f6d  8017f6d        2     1                 core::ptr::drop_in_place$LT$$LP$shared..comms_hal..Packet$C$shared..comms_hal..NetworkAddress$RP$$GT$::h14fd51d66b2623ea
 8017f6e  8017f6e       dc     2         /home/david/rocketry/flight-controller/fcu-stm32f407/target/thumbv7em-none-eabihf/release/deps/fcu_stm32f407-f408ced9525465ad.fcu_stm32f407.ec0a8258d748b641-cgu.15.rcgu.o:(.text._ZN71_$LT$$LP$T1$C$T2$C$T3$RP$$u20$as$u20$rtic_core..prelude..TupleExt03$GT$4lock28_$u7b$$u7b$closure$u7d$$u7d$17hfbd6e6d9fd7928b5E.llvm.11167585691646428220)
 8017f6e  8017f6e        0     1                 $t.11
 8017f6f  8017f6f       dc     1                 _$LT$$LP$T1$C$T2$C$T3$RP$$u20$as$u20$rtic_core..prelude..TupleExt03$GT$::lock::_$u7b$$u7b$closure$u7d$$u7d$::hfbd6e6d9fd7928b5 (.llvm.11167585691646428220)
 801804c  801804c      620     4         /home/david/rocketry/flight-controller/fcu-stm32f407/target/thumbv7em-none-eabihf/release/deps/fcu_stm32f407-f408ced9525465ad.fcu_stm32f407.ec0a8258d748b641-cgu.15.rcgu.o:(.text._ZN71_$LT$$LP$T1$C$T2$C$T3$RP$$u20$as$u20$rtic_core..prelude..TupleExt03$GT$4lock28_$u7b$$u7b$closure$u7d$$u7d$28_$u7b$$u7b$closure$u7d$$u7d$28_$u7b$$u7b$closure$u7d$$u7d$17hccbcdd60b8c3c686E.llvm.11167585691646428220)
 801804c  801804c        0     1                 $t.12
 801804d  801804d      620     1                 _$LT$$LP$T1$C$T2$C$T3$RP$$u20$as$u20$rtic_core..prelude..TupleExt03$GT$::lock::_$u7b$$u7b$closure$u7d$$u7d$::_$u7b$$u7b$closure$u7d$$u7d$::_$u7b$$u7b$closure$u7d$$u7d$::hccbcdd60b8c3c686 (.llvm.11167585691646428220)
 80184a4  80184a4        0     1                 $d.13
 80184a8  80184a8        0     1                 $t.14
 801866c  801866c       7a     2         /home/david/rocketry/flight-controller/fcu-stm32f407/target/thumbv7em-none-eabihf/release/deps/fcu_stm32f407-f408ced9525465ad.fcu_stm32f407.ec0a8258d748b641-cgu.15.rcgu.o:(.text._ZN91_$LT$shared_bus..proxies..I2cProxy$LT$M$GT$$u20$as$u20$embedded_hal..i2c..blocking..I2c$GT$4read17hb98e17b392ea2ac4E)
 801866c  801866c        0     1                 $t.18
 801866d  801866d       7a     1                 _$LT$shared_bus..proxies..I2cProxy$LT$M$GT$$u20$as$u20$embedded_hal..i2c..blocking..I2c$GT$::read::hb98e17b392ea2ac4
 80186e6  80186e6       7c     2         /home/david/rocketry/flight-controller/fcu-stm32f407/target/thumbv7em-none-eabihf/release/deps/fcu_stm32f407-f408ced9525465ad.fcu_stm32f407.ec0a8258d748b641-cgu.15.rcgu.o:(.text._ZN91_$LT$shared_bus..proxies..I2cProxy$LT$M$GT$$u20$as$u20$embedded_hal..i2c..blocking..I2c$GT$5write17h0a9dd86716673e6fE)
 80186e6  80186e6        0     1                 $t.19
 80186e7  80186e7       7c     1                 _$LT$shared_bus..proxies..I2cProxy$LT$M$GT$$u20$as$u20$embedded_hal..i2c..blocking..I2c$GT$::write::h0a9dd86716673e6f
 8018762  8018762      356     2         /home/david/rocketry/flight-controller/fcu-stm32f407/target/thumbv7em-none-eabihf/release/deps/fcu_stm32f407-f408ced9525465ad.fcu_stm32f407.ec0a8258d748b641-cgu.15.rcgu.o:(.text._ZN13fcu_stm32f4077drivers6w25x0524W25X05$LT$CSN$C$HOLD$GT$10write_page17h8aff6e9e2926f02bE)
 8018762  8018762        0     1                 $t.20
 8018763  8018763      356     1                 fcu_stm32f407::drivers::w25x05::W25X05$LT$CSN$C$HOLD$GT$::write_page::h8aff6e9e2926f02b
 8018ab8  8018ab8      2bc     2         /home/david/rocketry/flight-controller/fcu-stm32f407/target/thumbv7em-none-eabihf/release/deps/fcu_stm32f407-f408ced9525465ad.fcu_stm32f407.ec0a8258d748b641-cgu.15.rcgu.o:(.text._ZN13fcu_stm32f4077drivers6w25x0524W25X05$LT$CSN$C$HOLD$GT$9read_page17hae0726292f38a550E)
 8018ab8  8018ab8        0     1                 $t.21
 8018ab9  8018ab9      2bc     1                 fcu_stm32f407::drivers::w25x05::W25X05$LT$CSN$C$HOLD$GT$::read_page::hae0726292f38a550
 8018d74  8018d74      1da     2         /home/david/rocketry/flight-controller/fcu-stm32f407/target/thumbv7em-none-eabihf/release/deps/fcu_stm32f407-f408ced9525465ad.fcu_stm32f407.ec0a8258d748b641-cgu.15.rcgu.o:(.text._ZN13fcu_stm32f4077drivers6w25x0524W25X05$LT$CSN$C$HOLD$GT$10erase_chip17h7e82442947f37406E)
 8018d74  8018d74        0     1                 $t.22
 8018d75  8018d75      1da     1                 fcu_stm32f407::drivers::w25x05::W25X05$LT$CSN$C$HOLD$GT$::erase_chip::h7e82442947f37406
 8018f4e  8018f4e       d0     2         /home/david/rocketry/flight-controller/fcu-stm32f407/target/thumbv7em-none-eabihf/release/deps/fcu_stm32f407-f408ced9525465ad.fcu_stm32f407.ec0a8258d748b641-cgu.15.rcgu.o:(.text._ZN13fcu_stm32f4077drivers6w25x0524W25X05$LT$CSN$C$HOLD$GT$17wait_for_not_busy17h1b97bdfa734dfe47E)
 8018f4e  8018f4e        0     1                 $t.23
 8018f4f  8018f4f       d0     1                 fcu_stm32f407::drivers::w25x05::W25X05$LT$CSN$C$HOLD$GT$::wait_for_not_busy::h1b97bdfa734dfe47
 8019020  8019020       70     4         /home/david/rocketry/flight-controller/fcu-stm32f407/target/thumbv7em-none-eabihf/release/deps/fcu_stm32f407-f408ced9525465ad.fcu_stm32f407.ec0a8258d748b641-cgu.15.rcgu.o:(.text._ZN92_$LT$fcu_stm32f407..fcu_driver..Stm32F407FcuDriver$u20$as$u20$shared..fcu_hal..FcuDriver$GT$9timestamp17h7ce1ecfd5240036fE)
 8019020  8019020        0     1                 $t.24
 8019021  8019021       70     1                 _$LT$fcu_stm32f407..fcu_driver..Stm32F407FcuDriver$u20$as$u20$shared..fcu_hal..FcuDriver$GT$::timestamp::h7ce1ecfd5240036f
 801908c  801908c        0     1                 $d.25
 8019090  8019090       4c     2         /home/david/rocketry/flight-controller/fcu-stm32f407/target/thumbv7em-none-eabihf/release/deps/fcu_stm32f407-f408ced9525465ad.fcu_stm32f407.ec0a8258d748b641-cgu.15.rcgu.o:(.text._ZN92_$LT$fcu_stm32f407..fcu_driver..Stm32F407FcuDriver$u20$as$u20$shared..fcu_hal..FcuDriver$GT$18set_output_channel17hd98beb03ba6a245aE)
 8019090  8019090        0     1                 $t.26
 8019091  8019091       4c     1                 _$LT$fcu_stm32f407..fcu_driver..Stm32F407FcuDriver$u20$as$u20$shared..fcu_hal..FcuDriver$GT$::set_output_channel::hd98beb03ba6a245a
 80190dc  80190dc        c     2         /home/david/rocketry/flight-controller/fcu-stm32f407/target/thumbv7em-none-eabihf/release/deps/fcu_stm32f407-f408ced9525465ad.fcu_stm32f407.ec0a8258d748b641-cgu.15.rcgu.o:(.text._ZN92_$LT$fcu_stm32f407..fcu_driver..Stm32F407FcuDriver$u20$as$u20$shared..fcu_hal..FcuDriver$GT$15set_pwm_channel17hda23f3343f802e17E)
 80190dc  80190dc        0     1                 $t.27
 80190dd  80190dd        c     1                 _$LT$fcu_stm32f407..fcu_driver..Stm32F407FcuDriver$u20$as$u20$shared..fcu_hal..FcuDriver$GT$::set_pwm_channel::hda23f3343f802e17
 80190e8  80190e8       34     2         /home/david/rocketry/flight-controller/fcu-stm32f407/target/thumbv7em-none-eabihf/release/deps/fcu_stm32f407-f408ced9525465ad.fcu_stm32f407.ec0a8258d748b641-cgu.15.rcgu.o:(.text._ZN92_$LT$fcu_stm32f407..fcu_driver..Stm32F407FcuDriver$u20$as$u20$shared..fcu_hal..FcuDriver$GT$18get_output_channel17hbe93576c53687c20E)
 80190e8  80190e8        0     1                 $t.28
 80190e9  80190e9       34     1                 _$LT$fcu_stm32f407..fcu_driver..Stm32F407FcuDriver$u20$as$u20$shared..fcu_hal..FcuDriver$GT$::get_output_channel::hbe93576c53687c20
 801911c  801911c       34     2         /home/david/rocketry/flight-controller/fcu-stm32f407/target/thumbv7em-none-eabihf/release/deps/fcu_stm32f407-f408ced9525465ad.fcu_stm32f407.ec0a8258d748b641-cgu.15.rcgu.o:(.text._ZN92_$LT$fcu_stm32f407..fcu_driver..Stm32F407FcuDriver$u20$as$u20$shared..fcu_hal..FcuDriver$GT$29get_output_channel_continuity17hdfb1455f820cd02eE)
 801911c  801911c        0     1                 $t.29
 801911d  801911d       34     1                 _$LT$fcu_stm32f407..fcu_driver..Stm32F407FcuDriver$u20$as$u20$shared..fcu_hal..FcuDriver$GT$::get_output_channel_continuity::hdfb1455f820cd02e
 8019150  8019150        c     2         /home/david/rocketry/flight-controller/fcu-stm32f407/target/thumbv7em-none-eabihf/release/deps/fcu_stm32f407-f408ced9525465ad.fcu_stm32f407.ec0a8258d748b641-cgu.15.rcgu.o:(.text._ZN92_$LT$fcu_stm32f407..fcu_driver..Stm32F407FcuDriver$u20$as$u20$shared..fcu_hal..FcuDriver$GT$15get_pwm_channel17hc7f8d73925cdae80E)
 8019150  8019150        0     1                 $t.30
 8019151  8019151        c     1                 _$LT$fcu_stm32f407..fcu_driver..Stm32F407FcuDriver$u20$as$u20$shared..fcu_hal..FcuDriver$GT$::get_pwm_channel::hc7f8d73925cdae80
 801915c  801915c       36     2         /home/david/rocketry/flight-controller/fcu-stm32f407/target/thumbv7em-none-eabihf/release/deps/fcu_stm32f407-f408ced9525465ad.fcu_stm32f407.ec0a8258d748b641-cgu.15.rcgu.o:(.text._ZN92_$LT$fcu_stm32f407..fcu_driver..Stm32F407FcuDriver$u20$as$u20$shared..fcu_hal..FcuDriver$GT$16erase_flash_chip17he2dd76a537698975E)
 801915c  801915c        0     1                 $t.31
 801915d  801915d       36     1                 _$LT$fcu_stm32f407..fcu_driver..Stm32F407FcuDriver$u20$as$u20$shared..fcu_hal..FcuDriver$GT$::erase_flash_chip::he2dd76a537698975
 8019192  8019192       3e     2         /home/david/rocketry/flight-controller/fcu-stm32f407/target/thumbv7em-none-eabihf/release/deps/fcu_stm32f407-f408ced9525465ad.fcu_stm32f407.ec0a8258d748b641-cgu.15.rcgu.o:(.text._ZN92_$LT$fcu_stm32f407..fcu_driver..Stm32F407FcuDriver$u20$as$u20$shared..fcu_hal..FcuDriver$GT$23enable_logging_to_flash17hd62d52ec9ca0dd1aE)
 8019192  8019192        0     1                 $t.32
 8019193  8019193       3e     1                 _$LT$fcu_stm32f407..fcu_driver..Stm32F407FcuDriver$u20$as$u20$shared..fcu_hal..FcuDriver$GT$::enable_logging_to_flash::hd62d52ec9ca0dd1a
 80191d0  80191d0       3e     2         /home/david/rocketry/flight-controller/fcu-stm32f407/target/thumbv7em-none-eabihf/release/deps/fcu_stm32f407-f408ced9525465ad.fcu_stm32f407.ec0a8258d748b641-cgu.15.rcgu.o:(.text._ZN92_$LT$fcu_stm32f407..fcu_driver..Stm32F407FcuDriver$u20$as$u20$shared..fcu_hal..FcuDriver$GT$24disable_logging_to_flash17hd10776b14f64df8bE)
 80191d0  80191d0        0     1                 $t.33
 80191d1  80191d1       3e     1                 _$LT$fcu_stm32f407..fcu_driver..Stm32F407FcuDriver$u20$as$u20$shared..fcu_hal..FcuDriver$GT$::disable_logging_to_flash::hd10776b14f64df8b
 801920e  801920e       46     2         /home/david/rocketry/flight-controller/fcu-stm32f407/target/thumbv7em-none-eabihf/release/deps/fcu_stm32f407-f408ced9525465ad.fcu_stm32f407.ec0a8258d748b641-cgu.15.rcgu.o:(.text._ZN92_$LT$fcu_stm32f407..fcu_driver..Stm32F407FcuDriver$u20$as$u20$shared..fcu_hal..FcuDriver$GT$23retrieve_log_flash_page17h850042c47803e4a8E)
 801920e  801920e        0     1                 $t.34
 801920f  801920f       46     1                 _$LT$fcu_stm32f407..fcu_driver..Stm32F407FcuDriver$u20$as$u20$shared..fcu_hal..FcuDriver$GT$::retrieve_log_flash_page::h850042c47803e4a8
 8019254  8019254       48     2         /home/david/rocketry/flight-controller/fcu-stm32f407/target/thumbv7em-none-eabihf/release/deps/fcu_stm32f407-f408ced9525465ad.fcu_stm32f407.ec0a8258d748b641-cgu.15.rcgu.o:(.text._ZN92_$LT$fcu_stm32f407..fcu_driver..Stm32F407FcuDriver$u20$as$u20$shared..fcu_hal..FcuDriver$GT$11send_packet17h129d02123038da11E)
 8019254  8019254        0     1                 $t.35
 8019255  8019255       48     1                 _$LT$fcu_stm32f407..fcu_driver..Stm32F407FcuDriver$u20$as$u20$shared..fcu_hal..FcuDriver$GT$::send_packet::h129d02123038da11
 801929c  801929c        a     2         /home/david/rocketry/flight-controller/fcu-stm32f407/target/thumbv7em-none-eabihf/release/deps/fcu_stm32f407-f408ced9525465ad.fcu_stm32f407.ec0a8258d748b641-cgu.15.rcgu.o:(.text._ZN92_$LT$fcu_stm32f407..fcu_driver..Stm32F407FcuDriver$u20$as$u20$shared..fcu_hal..FcuDriver$GT$10as_mut_any17h761b7d840a1d74ccE)
 801929c  801929c        0     1                 $t.36
 801929d  801929d        a     1                 _$LT$fcu_stm32f407..fcu_driver..Stm32F407FcuDriver$u20$as$u20$shared..fcu_hal..FcuDriver$GT$::as_mut_any::h761b7d840a1d74cc
 80192a6  80192a6       94     2         /home/david/rocketry/flight-controller/fcu-stm32f407/target/thumbv7em-none-eabihf/release/deps/fcu_stm32f407-f408ced9525465ad.fcu_stm32f407.ec0a8258d748b641-cgu.15.rcgu.o:(.text._ZN13fcu_stm32f40710fcu_driver10fcu_update17hbc854f7229b50550E)
 80192a6  80192a6        0     1                 $t.37
 80192a7  80192a7       94     1                 fcu_stm32f407::fcu_driver::fcu_update::hbc854f7229b50550
 801933a  801933a      152     2         /home/david/rocketry/flight-controller/fcu-stm32f407/target/thumbv7em-none-eabihf/release/deps/libflight_controller_rs-b5fdfe00dc46128b.rlib(flight_controller_rs-b5fdfe00dc46128b.flight_controller_rs.7a8374fa794d8317-cgu.6.rcgu.o):(.text._ZN20flight_controller_rs11vehicle_fsm43_$LT$impl$u20$flight_controller_rs..Fcu$GT$18update_vehicle_fsm17hfc87d9e3b7a88057E)
 801933a  801933a        0     1                 $t.0
 801933b  801933b      152     1                 flight_controller_rs::vehicle_fsm::_$LT$impl$u20$flight_controller_rs..Fcu$GT$::update_vehicle_fsm::hfc87d9e3b7a88057
 801948c  801948c      164     2         /home/david/rocketry/flight-controller/fcu-stm32f407/target/thumbv7em-none-eabihf/release/deps/libflight_controller_rs-b5fdfe00dc46128b.rlib(flight_controller_rs-b5fdfe00dc46128b.flight_controller_rs.7a8374fa794d8317-cgu.6.rcgu.o):(.text._ZN20flight_controller_rs3Fcu3new17h31ea9f493e0ed650E)
 801948c  801948c        0     1                 $t.2
 801948d  801948d      164     1                 flight_controller_rs::Fcu::new::h31ea9f493e0ed650
 80195f0  80195f0      6d4     4         /home/david/rocketry/flight-controller/fcu-stm32f407/target/thumbv7em-none-eabihf/release/deps/libflight_controller_rs-b5fdfe00dc46128b.rlib(flight_controller_rs-b5fdfe00dc46128b.flight_controller_rs.7a8374fa794d8317-cgu.6.rcgu.o):(.text._ZN20flight_controller_rs3Fcu6update17ha709c4ee9053d3f7E)
 80195f0  80195f0        0     1                 $t.3
 80195f1  80195f1      6d4     1                 flight_controller_rs::Fcu::update::ha709c4ee9053d3f7
 801995e  801995e        0     1                 $d.4
 801996e  801996e        0     1                 $t.5
 8019a0c  8019a0c        0     1                 $d.6
 8019a14  8019a14        0     1                 $t.7
 8019cbc  8019cbc        0     1                 $d.8
 8019cc4  8019cc4        6     2         /home/david/rocketry/flight-controller/fcu-stm32f407/target/thumbv7em-none-eabihf/release/deps/libflight_controller_rs-b5fdfe00dc46128b.rlib(flight_controller_rs-b5fdfe00dc46128b.flight_controller_rs.7a8374fa794d8317-cgu.6.rcgu.o):(.text._ZN20flight_controller_rs3Fcu18update_sensor_data17he87127fff5eb64f1E)
 8019cc4  8019cc4        0     1                 $t.13
 8019cc5  8019cc5        6     1                 flight_controller_rs::Fcu::update_sensor_data::he87127fff5eb64f1
 8019cca  8019cca        6     2         /home/david/rocketry/flight-controller/fcu-stm32f407/target/thumbv7em-none-eabihf/release/deps/libflight_controller_rs-b5fdfe00dc46128b.rlib(flight_controller_rs-b5fdfe00dc46128b.flight_controller_rs.7a8374fa794d8317-cgu.6.rcgu.o):(.text._ZN20flight_controller_rs3Fcu24update_data_logged_bytes17hc08148cc6bb54bb2E)
 8019cca  8019cca        0     1                 $t.14
 8019ccb  8019ccb        6     1                 flight_controller_rs::Fcu::update_data_logged_bytes::hc08148cc6bb54bb2
 8019cd0  8019cd0        2     2         /home/david/rocketry/flight-controller/fcu-stm32f407/target/thumbv7em-none-eabihf/release/deps/libflight_controller_rs-b5fdfe00dc46128b.rlib(flight_controller_rs-b5fdfe00dc46128b.flight_controller_rs.7a8374fa794d8317-cgu.4.rcgu.o):(.text._ZN4core3ptr60drop_in_place$LT$flight_controller_rs..vehicle_fsm..Idle$GT$17heedbb713088dd5c2E.llvm.3060441770447630331)
 8019cd0  8019cd0        0     1                 $t.8
 8019cd1  8019cd1        2     1                 core::ptr::drop_in_place$LT$flight_controller_rs..vehicle_fsm..Idle$GT$::heedbb713088dd5c2 (.llvm.3060441770447630331)
 8019cd1  8019cd1        2     1                 core::ptr::drop_in_place$LT$flight_controller_rs..vehicle_fsm..Armed$GT$::h16495abb11c77c76 (.llvm.3060441770447630331)
 8019cd1  8019cd1        2     1                 core::ptr::drop_in_place$LT$flight_controller_rs..vehicle_fsm..Ascent$GT$::h23c71c1889bf018b (.llvm.3060441770447630331)
 8019cd1  8019cd1        2     1                 core::ptr::drop_in_place$LT$flight_controller_rs..vehicle_fsm..Landed$GT$::h53b02139d627291f (.llvm.3060441770447630331)
 8019cd1  8019cd1        2     1                 core::ptr::drop_in_place$LT$flight_controller_rs..vehicle_fsm..Descent$GT$::h2751e93f09f121ee (.llvm.3060441770447630331)
 8019cd1  8019cd1        2     1                 core::ptr::drop_in_place$LT$flight_controller_rs..vehicle_fsm..Ignition$GT$::h4677c1b7d40d367b (.llvm.3060441770447630331)
 8019cd2  8019cd2        2     2         /home/david/rocketry/flight-controller/fcu-stm32f407/target/thumbv7em-none-eabihf/release/deps/libflight_controller_rs-b5fdfe00dc46128b.rlib(flight_controller_rs-b5fdfe00dc46128b.flight_controller_rs.7a8374fa794d8317-cgu.4.rcgu.o):(.text._ZN4core3ptr67drop_in_place$LT$flight_controller_rs..vehicle_fsm..Calibrating$GT$17hf1392ee5c60249d3E.llvm.3060441770447630331)
 8019cd2  8019cd2        0     1                 $t.9
 8019cd3  8019cd3        2     1                 core::ptr::drop_in_place$LT$flight_controller_rs..vehicle_fsm..Calibrating$GT$::hf1392ee5c60249d3 (.llvm.3060441770447630331)
 8019cd4  8019cd4       18     2         /home/david/rocketry/flight-controller/fcu-stm32f407/target/thumbv7em-none-eabihf/release/deps/libflight_controller_rs-b5fdfe00dc46128b.rlib(flight_controller_rs-b5fdfe00dc46128b.flight_controller_rs.7a8374fa794d8317-cgu.4.rcgu.o):(.text._ZN20flight_controller_rs11vehicle_fsm6ascent174_$LT$impl$u20$shared..ControllerState$LT$flight_controller_rs..vehicle_fsm..FsmState$C$flight_controller_rs..Fcu$GT$$u20$for$u20$flight_controller_rs..vehicle_fsm..Ascent$GT$6update17h33f2357466c3c179E)
 8019cd4  8019cd4        0     1                 $t.10
 8019cd5  8019cd5       18     1                 flight_controller_rs::vehicle_fsm::ascent::_$LT$impl$u20$shared..ControllerState$LT$flight_controller_rs..vehicle_fsm..FsmState$C$flight_controller_rs..Fcu$GT$$u20$for$u20$flight_controller_rs..vehicle_fsm..Ascent$GT$::update::h33f2357466c3c179
 8019cec  8019cec       a0     2         /home/david/rocketry/flight-controller/fcu-stm32f407/target/thumbv7em-none-eabihf/release/deps/libflight_controller_rs-b5fdfe00dc46128b.rlib(flight_controller_rs-b5fdfe00dc46128b.flight_controller_rs.7a8374fa794d8317-cgu.4.rcgu.o):(.text._ZN20flight_controller_rs11vehicle_fsm5armed173_$LT$impl$u20$shared..ControllerState$LT$flight_controller_rs..vehicle_fsm..FsmState$C$flight_controller_rs..Fcu$GT$$u20$for$u20$flight_controller_rs..vehicle_fsm..Armed$GT$6update17he266cdb78ddb98f2E)
 8019cec  8019cec        0     1                 $t.12
 8019ced  8019ced       a0     1                 flight_controller_rs::vehicle_fsm::armed::_$LT$impl$u20$shared..ControllerState$LT$flight_controller_rs..vehicle_fsm..FsmState$C$flight_controller_rs..Fcu$GT$$u20$for$u20$flight_controller_rs..vehicle_fsm..Armed$GT$::update::he266cdb78ddb98f2
 8019d8c  8019d8c      102     2         /home/david/rocketry/flight-controller/fcu-stm32f407/target/thumbv7em-none-eabihf/release/deps/libflight_controller_rs-b5fdfe00dc46128b.rlib(flight_controller_rs-b5fdfe00dc46128b.flight_controller_rs.7a8374fa794d8317-cgu.4.rcgu.o):(.text._ZN20flight_controller_rs11vehicle_fsm11calibrating179_$LT$impl$u20$shared..ControllerState$LT$flight_controller_rs..vehicle_fsm..FsmState$C$flight_controller_rs..Fcu$GT$$u20$for$u20$flight_controller_rs..vehicle_fsm..Calibrating$GT$6update17h0de40618bc85b358E)
 8019d8c  8019d8c        0     1                 $t.14
 8019d8d  8019d8d      102     1                 flight_controller_rs::vehicle_fsm::calibrating::_$LT$impl$u20$shared..ControllerState$LT$flight_controller_rs..vehicle_fsm..FsmState$C$flight_controller_rs..Fcu$GT$$u20$for$u20$flight_controller_rs..vehicle_fsm..Calibrating$GT$::update::h0de40618bc85b358
 8019e8e  8019e8e        2     2         /home/david/rocketry/flight-controller/fcu-stm32f407/target/thumbv7em-none-eabihf/release/deps/libflight_controller_rs-b5fdfe00dc46128b.rlib(flight_controller_rs-b5fdfe00dc46128b.flight_controller_rs.7a8374fa794d8317-cgu.4.rcgu.o):(.text._ZN20flight_controller_rs11vehicle_fsm11calibrating179_$LT$impl$u20$shared..ControllerState$LT$flight_controller_rs..vehicle_fsm..FsmState$C$flight_controller_rs..Fcu$GT$$u20$for$u20$flight_controller_rs..vehicle_fsm..Calibrating$GT$11enter_state17h21df7ca204f108ccE)
 8019e8e  8019e8e        0     1                 $t.15
 8019e8f  8019e8f        2     1                 flight_controller_rs::vehicle_fsm::calibrating::_$LT$impl$u20$shared..ControllerState$LT$flight_controller_rs..vehicle_fsm..FsmState$C$flight_controller_rs..Fcu$GT$$u20$for$u20$flight_controller_rs..vehicle_fsm..Calibrating$GT$::enter_state::h21df7ca204f108cc
 8019e90  8019e90      218     4         /home/david/rocketry/flight-controller/fcu-stm32f407/target/thumbv7em-none-eabihf/release/deps/libflight_controller_rs-b5fdfe00dc46128b.rlib(flight_controller_rs-b5fdfe00dc46128b.flight_controller_rs.7a8374fa794d8317-cgu.4.rcgu.o):(.text._ZN20flight_controller_rs11vehicle_fsm11calibrating179_$LT$impl$u20$shared..ControllerState$LT$flight_controller_rs..vehicle_fsm..FsmState$C$flight_controller_rs..Fcu$GT$$u20$for$u20$flight_controller_rs..vehicle_fsm..Calibrating$GT$10exit_state17hc53d82f84aa6ae41E)
 8019e90  8019e90        0     1                 $t.16
 8019e91  8019e91      218     1                 flight_controller_rs::vehicle_fsm::calibrating::_$LT$impl$u20$shared..ControllerState$LT$flight_controller_rs..vehicle_fsm..FsmState$C$flight_controller_rs..Fcu$GT$$u20$for$u20$flight_controller_rs..vehicle_fsm..Calibrating$GT$::exit_state::hc53d82f84aa6ae41
 801a09c  801a09c        0     1                 $d.17
 801a0a8  801a0a8       32     2         /home/david/rocketry/flight-controller/fcu-stm32f407/target/thumbv7em-none-eabihf/release/deps/libflight_controller_rs-b5fdfe00dc46128b.rlib(flight_controller_rs-b5fdfe00dc46128b.flight_controller_rs.7a8374fa794d8317-cgu.4.rcgu.o):(.text._ZN20flight_controller_rs11vehicle_fsm11calibrating64_$LT$impl$u20$flight_controller_rs..vehicle_fsm..Calibrating$GT$3new17h80a0c899b7227d50E)
[...]
     23f      23f       36     1         /home/david/.rustup/toolchains/stable-x86_64-unknown-linux-gnu/lib/rustlib/thumbv7em-none-eabihf/lib/libcompiler_builtins-937035e9954cf71b.rlib(compiler_builtins-937035e9954cf71b.compiler_builtins.eae8a0794624d694-cgu.003.rcgu.o):(.debug_pubtypes)
     275      275       12     1         /home/david/.rustup/toolchains/stable-x86_64-unknown-linux-gnu/lib/rustlib/thumbv7em-none-eabihf/lib/libcompiler_builtins-937035e9954cf71b.rlib(compiler_builtins-937035e9954cf71b.compiler_builtins.eae8a0794624d694-cgu.103.rcgu.o):(.debug_pubtypes)
     287      287       24     1         /home/david/.rustup/toolchains/stable-x86_64-unknown-linux-gnu/lib/rustlib/thumbv7em-none-eabihf/lib/libcompiler_builtins-937035e9954cf71b.rlib(compiler_builtins-937035e9954cf71b.compiler_builtins.eae8a0794624d694-cgu.109.rcgu.o):(.debug_pubtypes)
     2ab      2ab       24     1         /home/david/.rustup/toolchains/stable-x86_64-unknown-linux-gnu/lib/rustlib/thumbv7em-none-eabihf/lib/libcompiler_builtins-937035e9954cf71b.rlib(compiler_builtins-937035e9954cf71b.compiler_builtins.eae8a0794624d694-cgu.122.rcgu.o):(.debug_pubtypes)
     2cf      2cf       24     1         /home/david/.rustup/toolchains/stable-x86_64-unknown-linux-gnu/lib/rustlib/thumbv7em-none-eabihf/lib/libcompiler_builtins-937035e9954cf71b.rlib(compiler_builtins-937035e9954cf71b.compiler_builtins.eae8a0794624d694-cgu.126.rcgu.o):(.debug_pubtypes)
     2f3      2f3       12     1         /home/david/.rustup/toolchains/stable-x86_64-unknown-linux-gnu/lib/rustlib/thumbv7em-none-eabihf/lib/libcompiler_builtins-937035e9954cf71b.rlib(compiler_builtins-937035e9954cf71b.compiler_builtins.eae8a0794624d694-cgu.128.rcgu.o):(.debug_pubtypes)
     305      305       36     1         /home/david/.rustup/toolchains/stable-x86_64-unknown-linux-gnu/lib/rustlib/thumbv7em-none-eabihf/lib/libcompiler_builtins-937035e9954cf71b.rlib(compiler_builtins-937035e9954cf71b.compiler_builtins.eae8a0794624d694-cgu.134.rcgu.o):(.debug_pubtypes)
     33b      33b       36     1         /home/david/.rustup/toolchains/stable-x86_64-unknown-linux-gnu/lib/rustlib/thumbv7em-none-eabihf/lib/libcompiler_builtins-937035e9954cf71b.rlib(compiler_builtins-937035e9954cf71b.compiler_builtins.eae8a0794624d694-cgu.135.rcgu.o):(.debug_pubtypes)
     371      371       24     1         /home/david/.rustup/toolchains/stable-x86_64-unknown-linux-gnu/lib/rustlib/thumbv7em-none-eabihf/lib/libcompiler_builtins-937035e9954cf71b.rlib(compiler_builtins-937035e9954cf71b.compiler_builtins.eae8a0794624d694-cgu.137.rcgu.o):(.debug_pubtypes)
     395      395       12     1         /home/david/.rustup/toolchains/stable-x86_64-unknown-linux-gnu/lib/rustlib/thumbv7em-none-eabihf/lib/libcompiler_builtins-937035e9954cf71b.rlib(compiler_builtins-937035e9954cf71b.compiler_builtins.eae8a0794624d694-cgu.147.rcgu.o):(.debug_pubtypes)
     3a7      3a7       12     1         /home/david/.rustup/toolchains/stable-x86_64-unknown-linux-gnu/lib/rustlib/thumbv7em-none-eabihf/lib/libcompiler_builtins-937035e9954cf71b.rlib(compiler_builtins-937035e9954cf71b.compiler_builtins.eae8a0794624d694-cgu.150.rcgu.o):(.debug_pubtypes)
     3b9      3b9       12     1         /home/david/.rustup/toolchains/stable-x86_64-unknown-linux-gnu/lib/rustlib/thumbv7em-none-eabihf/lib/libcompiler_builtins-937035e9954cf71b.rlib(compiler_builtins-937035e9954cf71b.compiler_builtins.eae8a0794624d694-cgu.156.rcgu.o):(.debug_pubtypes)
     3cb      3cb       24     1         /home/david/.rustup/toolchains/stable-x86_64-unknown-linux-gnu/lib/rustlib/thumbv7em-none-eabihf/lib/libcompiler_builtins-937035e9954cf71b.rlib(compiler_builtins-937035e9954cf71b.compiler_builtins.eae8a0794624d694-cgu.160.rcgu.o):(.debug_pubtypes)
     3ef      3ef       36     1         /home/david/.rustup/toolchains/stable-x86_64-unknown-linux-gnu/lib/rustlib/thumbv7em-none-eabihf/lib/libcompiler_builtins-937035e9954cf71b.rlib(compiler_builtins-937035e9954cf71b.compiler_builtins.eae8a0794624d694-cgu.164.rcgu.o):(.debug_pubtypes)
     425      425       12     1         /home/david/.rustup/toolchains/stable-x86_64-unknown-linux-gnu/lib/rustlib/thumbv7em-none-eabihf/lib/libcompiler_builtins-937035e9954cf71b.rlib(compiler_builtins-937035e9954cf71b.compiler_builtins.eae8a0794624d694-cgu.171.rcgu.o):(.debug_pubtypes)
     437      437       12     1         /home/david/.rustup/toolchains/stable-x86_64-unknown-linux-gnu/lib/rustlib/thumbv7em-none-eabihf/lib/libcompiler_builtins-937035e9954cf71b.rlib(compiler_builtins-937035e9954cf71b.compiler_builtins.eae8a0794624d694-cgu.185.rcgu.o):(.debug_pubtypes)
     449      449       36     1         /home/david/.rustup/toolchains/stable-x86_64-unknown-linux-gnu/lib/rustlib/thumbv7em-none-eabihf/lib/libcompiler_builtins-937035e9954cf71b.rlib(compiler_builtins-937035e9954cf71b.compiler_builtins.eae8a0794624d694-cgu.000.rcgu.o):(.debug_pubtypes)
     47f      47f       12     1         /home/david/.rustup/toolchains/stable-x86_64-unknown-linux-gnu/lib/rustlib/thumbv7em-none-eabihf/lib/libcompiler_builtins-937035e9954cf71b.rlib(compiler_builtins-937035e9954cf71b.compiler_builtins.eae8a0794624d694-cgu.189.rcgu.o):(.debug_pubtypes)
     491      491       36     1         /home/david/.rustup/toolchains/stable-x86_64-unknown-linux-gnu/lib/rustlib/thumbv7em-none-eabihf/lib/libcompiler_builtins-937035e9954cf71b.rlib(compiler_builtins-937035e9954cf71b.compiler_builtins.eae8a0794624d694-cgu.190.rcgu.o):(.debug_pubtypes)
     4c7      4c7       36     1         /home/david/.rustup/toolchains/stable-x86_64-unknown-linux-gnu/lib/rustlib/thumbv7em-none-eabihf/lib/libcompiler_builtins-937035e9954cf71b.rlib(compiler_builtins-937035e9954cf71b.compiler_builtins.eae8a0794624d694-cgu.194.rcgu.o):(.debug_pubtypes)
     4fd      4fd       24     1         /home/david/.rustup/toolchains/stable-x86_64-unknown-linux-gnu/lib/rustlib/thumbv7em-none-eabihf/lib/libcompiler_builtins-937035e9954cf71b.rlib(compiler_builtins-937035e9954cf71b.compiler_builtins.eae8a0794624d694-cgu.210.rcgu.o):(.debug_pubtypes)
     521      521       12     1         /home/david/.rustup/toolchains/stable-x86_64-unknown-linux-gnu/lib/rustlib/thumbv7em-none-eabihf/lib/libcompiler_builtins-937035e9954cf71b.rlib(compiler_builtins-937035e9954cf71b.compiler_builtins.eae8a0794624d694-cgu.211.rcgu.o):(.debug_pubtypes)
     533      533       36     1         /home/david/.rustup/toolchains/stable-x86_64-unknown-linux-gnu/lib/rustlib/thumbv7em-none-eabihf/lib/libcompiler_builtins-937035e9954cf71b.rlib(compiler_builtins-937035e9954cf71b.compiler_builtins.eae8a0794624d694-cgu.067.rcgu.o):(.debug_pubtypes)
     569      569       12     1         /home/david/.rustup/toolchains/stable-x86_64-unknown-linux-gnu/lib/rustlib/thumbv7em-none-eabihf/lib/libcompiler_builtins-937035e9954cf71b.rlib(compiler_builtins-937035e9954cf71b.compiler_builtins.eae8a0794624d694-cgu.006.rcgu.o):(.debug_pubtypes)
     57b      57b       12     1         /home/david/.rustup/toolchains/stable-x86_64-unknown-linux-gnu/lib/rustlib/thumbv7em-none-eabihf/lib/libcompiler_builtins-937035e9954cf71b.rlib(compiler_builtins-937035e9954cf71b.compiler_builtins.eae8a0794624d694-cgu.213.rcgu.o):(.debug_pubtypes)
     58d      58d       24     1         /home/david/.rustup/toolchains/stable-x86_64-unknown-linux-gnu/lib/rustlib/thumbv7em-none-eabihf/lib/libcompiler_builtins-937035e9954cf71b.rlib(compiler_builtins-937035e9954cf71b.compiler_builtins.eae8a0794624d694-cgu.123.rcgu.o):(.debug_pubtypes)
       0        0    2fea1     1 .debug_line
       0        0      4ad     1         /home/david/rocketry/flight-controller/fcu-stm32f407/target/thumbv7em-none-eabihf/release/deps/libcortex_m-a4f8b077ca3b5621.rlib(bin/thumbv7em-none-eabihf.o):(.debug_line)
     4ad      4ad    2a102     1         /home/david/.rustup/toolchains/stable-x86_64-unknown-linux-gnu/lib/rustlib/thumbv7em-none-eabihf/lib/libcore-e36cc92b35a01423.rlib(core-e36cc92b35a01423.core.b4103929defb36e0-cgu.0.rcgu.o):(.debug_line)
   2a5af    2a5af       42     1         /home/david/.rustup/toolchains/stable-x86_64-unknown-linux-gnu/lib/rustlib/thumbv7em-none-eabihf/lib/libcompiler_builtins-937035e9954cf71b.rlib(compiler_builtins-937035e9954cf71b.compiler_builtins.eae8a0794624d694-cgu.027.rcgu.o):(.debug_line)
   2a5f1    2a5f1      28e     1         /home/david/.rustup/toolchains/stable-x86_64-unknown-linux-gnu/lib/rustlib/thumbv7em-none-eabihf/lib/libcompiler_builtins-937035e9954cf71b.rlib(compiler_builtins-937035e9954cf71b.compiler_builtins.eae8a0794624d694-cgu.018.rcgu.o):(.debug_line)
   2a87f    2a87f      e26     1         /home/david/.rustup/toolchains/stable-x86_64-unknown-linux-gnu/lib/rustlib/thumbv7em-none-eabihf/lib/libcompiler_builtins-937035e9954cf71b.rlib(compiler_builtins-937035e9954cf71b.compiler_builtins.eae8a0794624d694-cgu.004.rcgu.o):(.debug_line)
   2b6a5    2b6a5       42     1         /home/david/.rustup/toolchains/stable-x86_64-unknown-linux-gnu/lib/rustlib/thumbv7em-none-eabihf/lib/libcompiler_builtins-937035e9954cf71b.rlib(compiler_builtins-937035e9954cf71b.compiler_builtins.eae8a0794624d694-cgu.033.rcgu.o):(.debug_line)
   2b6e7    2b6e7      324     1         /home/david/.rustup/toolchains/stable-x86_64-unknown-linux-gnu/lib/rustlib/thumbv7em-none-eabihf/lib/libcompiler_builtins-937035e9954cf71b.rlib(compiler_builtins-937035e9954cf71b.compiler_builtins.eae8a0794624d694-cgu.034.rcgu.o):(.debug_line)
   2ba0b    2ba0b      25c     1         /home/david/.rustup/toolchains/stable-x86_64-unknown-linux-gnu/lib/rustlib/thumbv7em-none-eabihf/lib/libcompiler_builtins-937035e9954cf71b.rlib(compiler_builtins-937035e9954cf71b.compiler_builtins.eae8a0794624d694-cgu.036.rcgu.o):(.debug_line)
   2bc67    2bc67       dc     1         /home/david/.rustup/toolchains/stable-x86_64-unknown-linux-gnu/lib/rustlib/thumbv7em-none-eabihf/lib/libcompiler_builtins-937035e9954cf71b.rlib(compiler_builtins-937035e9954cf71b.compiler_builtins.eae8a0794624d694-cgu.044.rcgu.o):(.debug_line)
   2bd43    2bd43       e6     1         /home/david/.rustup/toolchains/stable-x86_64-unknown-linux-gnu/lib/rustlib/thumbv7em-none-eabihf/lib/libcompiler_builtins-937035e9954cf71b.rlib(compiler_builtins-937035e9954cf71b.compiler_builtins.eae8a0794624d694-cgu.078.rcgu.o):(.debug_line)
   2be29    2be29      1fc     1         /home/david/.rustup/toolchains/stable-x86_64-unknown-linux-gnu/lib/rustlib/thumbv7em-none-eabihf/lib/libcompiler_builtins-937035e9954cf71b.rlib(compiler_builtins-937035e9954cf71b.compiler_builtins.eae8a0794624d694-cgu.079.rcgu.o):(.debug_line)
   2c025    2c025       e4     1         /home/david/.rustup/toolchains/stable-x86_64-unknown-linux-gnu/lib/rustlib/thumbv7em-none-eabihf/lib/libcompiler_builtins-937035e9954cf71b.rlib(compiler_builtins-937035e9954cf71b.compiler_builtins.eae8a0794624d694-cgu.089.rcgu.o):(.debug_line)
   2c109    2c109       42     1         /home/david/.rustup/toolchains/stable-x86_64-unknown-linux-gnu/lib/rustlib/thumbv7em-none-eabihf/lib/libcompiler_builtins-937035e9954cf71b.rlib(compiler_builtins-937035e9954cf71b.compiler_builtins.eae8a0794624d694-cgu.093.rcgu.o):(.debug_line)
   2c14b    2c14b      973     1         /home/david/.rustup/toolchains/stable-x86_64-unknown-linux-gnu/lib/rustlib/thumbv7em-none-eabihf/lib/libcompiler_builtins-937035e9954cf71b.rlib(compiler_builtins-937035e9954cf71b.compiler_builtins.eae8a0794624d694-cgu.001.rcgu.o):(.debug_line)
   2cabe    2cabe      4a1     1         /home/david/.rustup/toolchains/stable-x86_64-unknown-linux-gnu/lib/rustlib/thumbv7em-none-eabihf/lib/libcompiler_builtins-937035e9954cf71b.rlib(compiler_builtins-937035e9954cf71b.compiler_builtins.eae8a0794624d694-cgu.095.rcgu.o):(.debug_line)
   2cf5f    2cf5f       42     1         /home/david/.rustup/toolchains/stable-x86_64-unknown-linux-gnu/lib/rustlib/thumbv7em-none-eabihf/lib/libcompiler_builtins-937035e9954cf71b.rlib(compiler_builtins-937035e9954cf71b.compiler_builtins.eae8a0794624d694-cgu.100.rcgu.o):(.debug_line)
   2cfa1    2cfa1      7de     1         /home/david/.rustup/toolchains/stable-x86_64-unknown-linux-gnu/lib/rustlib/thumbv7em-none-eabihf/lib/libcompiler_builtins-937035e9954cf71b.rlib(compiler_builtins-937035e9954cf71b.compiler_builtins.eae8a0794624d694-cgu.003.rcgu.o):(.debug_line)
   2d77f    2d77f       42     1         /home/david/.rustup/toolchains/stable-x86_64-unknown-linux-gnu/lib/rustlib/thumbv7em-none-eabihf/lib/libcompiler_builtins-937035e9954cf71b.rlib(compiler_builtins-937035e9954cf71b.compiler_builtins.eae8a0794624d694-cgu.103.rcgu.o):(.debug_line)
   2d7c1    2d7c1      21f     1         /home/david/.rustup/toolchains/stable-x86_64-unknown-linux-gnu/lib/rustlib/thumbv7em-none-eabihf/lib/libcompiler_builtins-937035e9954cf71b.rlib(compiler_builtins-937035e9954cf71b.compiler_builtins.eae8a0794624d694-cgu.109.rcgu.o):(.debug_line)
   2d9e0    2d9e0      204     1         /home/david/.rustup/toolchains/stable-x86_64-unknown-linux-gnu/lib/rustlib/thumbv7em-none-eabihf/lib/libcompiler_builtins-937035e9954cf71b.rlib(compiler_builtins-937035e9954cf71b.compiler_builtins.eae8a0794624d694-cgu.122.rcgu.o):(.debug_line)
   2dbe4    2dbe4       cb     1         /home/david/.rustup/toolchains/stable-x86_64-unknown-linux-gnu/lib/rustlib/thumbv7em-none-eabihf/lib/libcompiler_builtins-937035e9954cf71b.rlib(compiler_builtins-937035e9954cf71b.compiler_builtins.eae8a0794624d694-cgu.126.rcgu.o):(.debug_line)
   2dcaf    2dcaf       42     1         /home/david/.rustup/toolchains/stable-x86_64-unknown-linux-gnu/lib/rustlib/thumbv7em-none-eabihf/lib/libcompiler_builtins-937035e9954cf71b.rlib(compiler_builtins-937035e9954cf71b.compiler_builtins.eae8a0794624d694-cgu.128.rcgu.o):(.debug_line)
   2dcf1    2dcf1      1f4     1         /home/david/.rustup/toolchains/stable-x86_64-unknown-linux-gnu/lib/rustlib/thumbv7em-none-eabihf/lib/libcompiler_builtins-937035e9954cf71b.rlib(compiler_builtins-937035e9954cf71b.compiler_builtins.eae8a0794624d694-cgu.134.rcgu.o):(.debug_line)
   2dee5    2dee5      16f     1         /home/david/.rustup/toolchains/stable-x86_64-unknown-linux-gnu/lib/rustlib/thumbv7em-none-eabihf/lib/libcompiler_builtins-937035e9954cf71b.rlib(compiler_builtins-937035e9954cf71b.compiler_builtins.eae8a0794624d694-cgu.135.rcgu.o):(.debug_line)
   2e054    2e054      21e     1         /home/david/.rustup/toolchains/stable-x86_64-unknown-linux-gnu/lib/rustlib/thumbv7em-none-eabihf/lib/libcompiler_builtins-937035e9954cf71b.rlib(compiler_builtins-937035e9954cf71b.compiler_builtins.eae8a0794624d694-cgu.137.rcgu.o):(.debug_line)
   2e272    2e272       42     1         /home/david/.rustup/toolchains/stable-x86_64-unknown-linux-gnu/lib/rustlib/thumbv7em-none-eabihf/lib/libcompiler_builtins-937035e9954cf71b.rlib(compiler_builtins-937035e9954cf71b.compiler_builtins.eae8a0794624d694-cgu.147.rcgu.o):(.debug_line)
   2e2b4    2e2b4       42     1         /home/david/.rustup/toolchains/stable-x86_64-unknown-linux-gnu/lib/rustlib/thumbv7em-none-eabihf/lib/libcompiler_builtins-937035e9954cf71b.rlib(compiler_builtins-937035e9954cf71b.compiler_builtins.eae8a0794624d694-cgu.150.rcgu.o):(.debug_line)
   2e2f6    2e2f6       42     1         /home/david/.rustup/toolchains/stable-x86_64-unknown-linux-gnu/lib/rustlib/thumbv7em-none-eabihf/lib/libcompiler_builtins-937035e9954cf71b.rlib(compiler_builtins-937035e9954cf71b.compiler_builtins.eae8a0794624d694-cgu.156.rcgu.o):(.debug_line)
   2e338    2e338      223     1         /home/david/.rustup/toolchains/stable-x86_64-unknown-linux-gnu/lib/rustlib/thumbv7em-none-eabihf/lib/libcompiler_builtins-937035e9954cf71b.rlib(compiler_builtins-937035e9954cf71b.compiler_builtins.eae8a0794624d694-cgu.160.rcgu.o):(.debug_line)
   2e55b    2e55b      214     1         /home/david/.rustup/toolchains/stable-x86_64-unknown-linux-gnu/lib/rustlib/thumbv7em-none-eabihf/lib/libcompiler_builtins-937035e9954cf71b.rlib(compiler_builtins-937035e9954cf71b.compiler_builtins.eae8a0794624d694-cgu.164.rcgu.o):(.debug_line)
   2e76f    2e76f       42     1         /home/david/.rustup/toolchains/stable-x86_64-unknown-linux-gnu/lib/rustlib/thumbv7em-none-eabihf/lib/libcompiler_builtins-937035e9954cf71b.rlib(compiler_builtins-937035e9954cf71b.compiler_builtins.eae8a0794624d694-cgu.171.rcgu.o):(.debug_line)
   2e7b1    2e7b1       49     1         /home/david/.rustup/toolchains/stable-x86_64-unknown-linux-gnu/lib/rustlib/thumbv7em-none-eabihf/lib/libcompiler_builtins-937035e9954cf71b.rlib(compiler_builtins-937035e9954cf71b.compiler_builtins.eae8a0794624d694-cgu.185.rcgu.o):(.debug_line)
   2e7fa    2e7fa      9c0     1         /home/david/.rustup/toolchains/stable-x86_64-unknown-linux-gnu/lib/rustlib/thumbv7em-none-eabihf/lib/libcompiler_builtins-937035e9954cf71b.rlib(compiler_builtins-937035e9954cf71b.compiler_builtins.eae8a0794624d694-cgu.000.rcgu.o):(.debug_line)
   2f1ba    2f1ba       42     1         /home/david/.rustup/toolchains/stable-x86_64-unknown-linux-gnu/lib/rustlib/thumbv7em-none-eabihf/lib/libcompiler_builtins-937035e9954cf71b.rlib(compiler_builtins-937035e9954cf71b.compiler_builtins.eae8a0794624d694-cgu.189.rcgu.o):(.debug_line)
   2f1fc    2f1fc       e4     1         /home/david/.rustup/toolchains/stable-x86_64-unknown-linux-gnu/lib/rustlib/thumbv7em-none-eabihf/lib/libcompiler_builtins-937035e9954cf71b.rlib(compiler_builtins-937035e9954cf71b.compiler_builtins.eae8a0794624d694-cgu.190.rcgu.o):(.debug_line)
   2f2e0    2f2e0      1b9     1         /home/david/.rustup/toolchains/stable-x86_64-unknown-linux-gnu/lib/rustlib/thumbv7em-none-eabihf/lib/libcompiler_builtins-937035e9954cf71b.rlib(compiler_builtins-937035e9954cf71b.compiler_builtins.eae8a0794624d694-cgu.194.rcgu.o):(.debug_line)
   2f499    2f499      244     1         /home/david/.rustup/toolchains/stable-x86_64-unknown-linux-gnu/lib/rustlib/thumbv7em-none-eabihf/lib/libcompiler_builtins-937035e9954cf71b.rlib(compiler_builtins-937035e9954cf71b.compiler_builtins.eae8a0794624d694-cgu.210.rcgu.o):(.debug_line)
   2f6dd    2f6dd       4c     1         /home/david/.rustup/toolchains/stable-x86_64-unknown-linux-gnu/lib/rustlib/thumbv7em-none-eabihf/lib/libcompiler_builtins-937035e9954cf71b.rlib(compiler_builtins-937035e9954cf71b.compiler_builtins.eae8a0794624d694-cgu.211.rcgu.o):(.debug_line)
   2f729    2f729       e1     1         /home/david/.rustup/toolchains/stable-x86_64-unknown-linux-gnu/lib/rustlib/thumbv7em-none-eabihf/lib/libcompiler_builtins-937035e9954cf71b.rlib(compiler_builtins-937035e9954cf71b.compiler_builtins.eae8a0794624d694-cgu.067.rcgu.o):(.debug_line)
   2f80a    2f80a      5b3     1         /home/david/.rustup/toolchains/stable-x86_64-unknown-linux-gnu/lib/rustlib/thumbv7em-none-eabihf/lib/libcompiler_builtins-937035e9954cf71b.rlib(compiler_builtins-937035e9954cf71b.compiler_builtins.eae8a0794624d694-cgu.006.rcgu.o):(.debug_line)
   2fdbd    2fdbd       4b     1         /home/david/.rustup/toolchains/stable-x86_64-unknown-linux-gnu/lib/rustlib/thumbv7em-none-eabihf/lib/libcompiler_builtins-937035e9954cf71b.rlib(compiler_builtins-937035e9954cf71b.compiler_builtins.eae8a0794624d694-cgu.213.rcgu.o):(.debug_line)
   2fe08    2fe08       99     1         /home/david/.rustup/toolchains/stable-x86_64-unknown-linux-gnu/lib/rustlib/thumbv7em-none-eabihf/lib/libcompiler_builtins-937035e9954cf71b.rlib(compiler_builtins-937035e9954cf71b.compiler_builtins.eae8a0794624d694-cgu.123.rcgu.o):(.debug_line)
       0        0     9980     4 .symtab
       0        0     9980     4         <internal>:(.symtab)
       0        0       fd     1 .shstrtab
       0        0       fd     1         <internal>:(.shstrtab)
       0        0    1c175     1 .strtab
       0        0    1c175     1         <internal>:(.strtab)
